Archive member included because of file (symbol)

c:/program files/atmel/avr tools/avr toolchain/bin/../lib/gcc/avr/4.5.1/avrxmega6\libgcc.a(_udivmodqi4.o)
                              main.o (__udivmodqi4)
c:/program files/atmel/avr tools/avr toolchain/bin/../lib/gcc/avr/4.5.1/avrxmega6\libgcc.a(_exit.o)
                              c:/program files/atmel/avr tools/avr toolchain/bin/../lib/gcc/avr/4.5.1/../../../../avr/lib/avrxmega6/crtx128a3.o (exit)
c:/program files/atmel/avr tools/avr toolchain/bin/../lib/gcc/avr/4.5.1/avrxmega6\libgcc.a(_copy_data.o)
                              main.o (__do_copy_data)

Memory Configuration

Name             Origin             Length             Attributes
text             0x00000000         0x00100000         xr
data             0x00802000         0x0000ffa0         rw !x
eeprom           0x00810000         0x00010000         rw !x
fuse             0x00820000         0x00000400         rw !x
lock             0x00830000         0x00000400         rw !x
signature        0x00840000         0x00000400         rw !x
*default*        0x00000000         0xffffffff

Linker script and memory map

LOAD c:/program files/atmel/avr tools/avr toolchain/bin/../lib/gcc/avr/4.5.1/../../../../avr/lib/avrxmega6/crtx128a3.o
LOAD main.o
LOAD TFT_Driver.o
LOAD clksys_driver.o
LOAD spi_driver.o
LOAD c:/program files/atmel/avr tools/avr toolchain/bin/../lib/gcc/avr/4.5.1/avrxmega6\libgcc.a
LOAD c:/program files/atmel/avr tools/avr toolchain/bin/../lib/gcc/avr/4.5.1/../../../../avr/lib/avrxmega6\libc.a
LOAD c:/program files/atmel/avr tools/avr toolchain/bin/../lib/gcc/avr/4.5.1/avrxmega6\libgcc.a

.hash
 *(.hash)

.dynsym
 *(.dynsym)

.dynstr
 *(.dynstr)

.gnu.version
 *(.gnu.version)

.gnu.version_d
 *(.gnu.version_d)

.gnu.version_r
 *(.gnu.version_r)

.rel.init
 *(.rel.init)

.rela.init
 *(.rela.init)

.rel.text
 *(.rel.text)
 *(.rel.text.*)
 *(.rel.gnu.linkonce.t*)

.rela.text
 *(.rela.text)
 *(.rela.text.*)
 *(.rela.gnu.linkonce.t*)

.rel.fini
 *(.rel.fini)

.rela.fini
 *(.rela.fini)

.rel.rodata
 *(.rel.rodata)
 *(.rel.rodata.*)
 *(.rel.gnu.linkonce.r*)

.rela.rodata
 *(.rela.rodata)
 *(.rela.rodata.*)
 *(.rela.gnu.linkonce.r*)

.rel.data
 *(.rel.data)
 *(.rel.data.*)
 *(.rel.gnu.linkonce.d*)

.rela.data
 *(.rela.data)
 *(.rela.data.*)
 *(.rela.gnu.linkonce.d*)

.rel.ctors
 *(.rel.ctors)

.rela.ctors
 *(.rela.ctors)

.rel.dtors
 *(.rel.dtors)

.rela.dtors
 *(.rela.dtors)

.rel.got
 *(.rel.got)

.rela.got
 *(.rela.got)

.rel.bss
 *(.rel.bss)

.rela.bss
 *(.rela.bss)

.rel.plt
 *(.rel.plt)

.rela.plt
 *(.rela.plt)

.text           0x00000000     0x18f6
 *(.vectors)
 .vectors       0x00000000      0x1e8 c:/program files/atmel/avr tools/avr toolchain/bin/../lib/gcc/avr/4.5.1/../../../../avr/lib/avrxmega6/crtx128a3.o
                0x00000000                __vector_default
                0x00000000                __vectors
 *(.vectors)
 *(.progmem.gcc*)
 *(.progmem*)
                0x000001e8                . = ALIGN (0x2)
                0x000001e8                __trampolines_start = .
 *(.trampolines)
 .trampolines   0x000001e8        0x0 linker stubs
 *(.trampolines*)
                0x000001e8                __trampolines_end = .
 *(.jumptables)
 *(.jumptables*)
 *(.lowtext)
 *(.lowtext*)
                0x000001e8                __ctors_start = .
 *(.ctors)
                0x000001e8                __ctors_end = .
                0x000001e8                __dtors_start = .
 *(.dtors)
                0x000001e8                __dtors_end = .
 SORT(*)(.ctors)
 SORT(*)(.dtors)
 *(.init0)
 .init0         0x000001e8        0x0 c:/program files/atmel/avr tools/avr toolchain/bin/../lib/gcc/avr/4.5.1/../../../../avr/lib/avrxmega6/crtx128a3.o
                0x000001e8                __init
 *(.init0)
 *(.init1)
 *(.init1)
 *(.init2)
 .init2         0x000001e8       0x10 c:/program files/atmel/avr tools/avr toolchain/bin/../lib/gcc/avr/4.5.1/../../../../avr/lib/avrxmega6/crtx128a3.o
 *(.init2)
 *(.init3)
 *(.init3)
 *(.init4)
 .init4         0x000001f8       0x1a c:/program files/atmel/avr tools/avr toolchain/bin/../lib/gcc/avr/4.5.1/avrxmega6\libgcc.a(_copy_data.o)
                0x000001f8                __do_copy_data
 *(.init4)
 *(.init5)
 *(.init5)
 *(.init6)
 *(.init6)
 *(.init7)
 *(.init7)
 *(.init8)
 *(.init8)
 *(.init9)
 .init9         0x00000212        0x8 c:/program files/atmel/avr tools/avr toolchain/bin/../lib/gcc/avr/4.5.1/../../../../avr/lib/avrxmega6/crtx128a3.o
 *(.init9)
 *(.text)
 .text          0x0000021a        0x4 c:/program files/atmel/avr tools/avr toolchain/bin/../lib/gcc/avr/4.5.1/../../../../avr/lib/avrxmega6/crtx128a3.o
                0x0000021a                __vector_38
                0x0000021a                __vector_104
                0x0000021a                __vector_22
                0x0000021a                __vector_63
                0x0000021a                __vector_28
                0x0000021a                __vector_67
                0x0000021a                __vector_1
                0x0000021a                __vector_119
                0x0000021a                __vector_32
                0x0000021a                __vector_75
                0x0000021a                __vector_71
                0x0000021a                __vector_91
                0x0000021a                __vector_34
                0x0000021a                __vector_62
                0x0000021a                __vector_77
                0x0000021a                __vector_102
                0x0000021a                __vector_24
                0x0000021a                __vector_12
                0x0000021a                __vector_55
                0x0000021a                __vector_69
                0x0000021a                __vector_81
                0x0000021a                __vector_90
                0x0000021a                __vector_46
                0x0000021a                __bad_interrupt
                0x0000021a                __vector_72
                0x0000021a                __vector_114
                0x0000021a                __vector_6
                0x0000021a                __vector_110
                0x0000021a                __vector_31
                0x0000021a                __vector_92
                0x0000021a                __vector_35
                0x0000021a                __vector_78
                0x0000021a                __vector_74
                0x0000021a                __vector_117
                0x0000021a                __vector_39
                0x0000021a                __vector_107
                0x0000021a                __vector_3
                0x0000021a                __vector_105
                0x0000021a                __vector_98
                0x0000021a                __vector_23
                0x0000021a                __vector_68
                0x0000021a                __vector_30
                0x0000021a                __vector_73
                0x0000021a                __vector_45
                0x0000021a                __vector_25
                0x0000021a                __vector_93
                0x0000021a                __vector_61
                0x0000021a                __vector_11
                0x0000021a                __vector_54
                0x0000021a                __vector_99
                0x0000021a                __vector_13
                0x0000021a                __vector_17
                0x0000021a                __vector_19
                0x0000021a                __vector_56
                0x0000021a                __vector_7
                0x0000021a                __vector_49
                0x0000021a                __vector_41
                0x0000021a                __vector_86
                0x0000021a                __vector_100
                0x0000021a                __vector_101
                0x0000021a                __vector_64
                0x0000021a                __vector_88
                0x0000021a                __vector_109
                0x0000021a                __vector_43
                0x0000021a                __vector_27
                0x0000021a                __vector_5
                0x0000021a                __vector_113
                0x0000021a                __vector_33
                0x0000021a                __vector_76
                0x0000021a                __vector_115
                0x0000021a                __vector_47
                0x0000021a                __vector_52
                0x0000021a                __vector_37
                0x0000021a                __vector_95
                0x0000021a                __vector_103
                0x0000021a                __vector_96
                0x0000021a                __vector_89
                0x0000021a                __vector_108
                0x0000021a                __vector_4
                0x0000021a                __vector_44
                0x0000021a                __vector_82
                0x0000021a                __vector_106
                0x0000021a                __vector_118
                0x0000021a                __vector_51
                0x0000021a                __vector_9
                0x0000021a                __vector_2
                0x0000021a                __vector_21
                0x0000021a                __vector_15
                0x0000021a                __vector_66
                0x0000021a                __vector_36
                0x0000021a                __vector_79
                0x0000021a                __vector_58
                0x0000021a                __vector_70
                0x0000021a                __vector_83
                0x0000021a                __vector_29
                0x0000021a                __vector_60
                0x0000021a                __vector_121
                0x0000021a                __vector_40
                0x0000021a                __vector_85
                0x0000021a                __vector_94
                0x0000021a                __vector_8
                0x0000021a                __vector_26
                0x0000021a                __vector_48
                0x0000021a                __vector_116
                0x0000021a                __vector_112
                0x0000021a                __vector_111
                0x0000021a                __vector_80
                0x0000021a                __vector_14
                0x0000021a                __vector_84
                0x0000021a                __vector_57
                0x0000021a                __vector_53
                0x0000021a                __vector_10
                0x0000021a                __vector_50
                0x0000021a                __vector_16
                0x0000021a                __vector_59
                0x0000021a                __vector_18
                0x0000021a                __vector_97
                0x0000021a                __vector_20
                0x0000021a                __vector_42
                0x0000021a                __vector_87
                0x0000021a                __vector_65
                0x0000021a                __vector_120
 .text          0x0000021e      0x59c main.o
                0x0000021e                Sysclk_Init
                0x00000240                Redraw_Mainmenu
                0x00000404                Num_Test
                0x000004c0                Font_Test
                0x000005c2                Color_Test
                0x0000064e                main
 .text          0x000007ba      0xddc TFT_Driver.o
                0x000007ba                SPI_WriteByte
                0x000007ce                TFT_WriteIndex
                0x000007f2                TFT_WriteData
                0x00000816                TFT_WriteData16Bit
                0x00000836                TFT_WriteIndex16Bit
                0x00000856                TFT_Init
                0x00000a90                TFT_SetRegion
                0x00000afe                TFT_SetXY
                0x00000b4a                TFT_DrawPoint
                0x00000b78                TFT_Clear
                0x00000bde                TFT_Circle
                0x00000da2                TFT_DrawLine
                0x00000ed4                TFT_box
                0x00000f88                TFT_box2
                0x0000109e                DisplayButtonUp
                0x00001134                DisplayButtonDown
                0x000011d8                TFT_DrawFont_GBK16
                0x00001484                TFT_DrawFont_Num32
 .text          0x00001596       0xda clksys_driver.o
                0x00001596                CCPWrite
                0x000015a6                CLKSYS_XOSC_Config
                0x000015bc                CLKSYS_PLL_Config
                0x000015c8                CLKSYS_Disable
                0x000015dc                CLKSYS_Prescalers_Config
                0x000015e8                CLKSYS_Main_ClockSource_Select
                0x0000160e                CLKSYS_RTC_ClockSource_Enable
                0x0000161e                CLKSYS_AutoCalibration_Enable
                0x00001658                CLKSYS_XOSC_FailureDetection_Enable
                0x00001664                CLKSYS_Configuration_Lock
 .text          0x00001670      0x26a spi_driver.o
                0x00001670                SPI_MasterInit
                0x000016dc                SPI_SlaveInit
                0x00001714                SPI_MasterCreateDataPacket
                0x00001738                SPI_MasterInterruptHandler
                0x000017bc                SPI_MasterInterruptTransceivePacket
                0x0000182c                SPI_MasterTransceiveByte
                0x0000183a                SPI_MasterTransceivePacket
 .text          0x000018da        0x0 c:/program files/atmel/avr tools/avr toolchain/bin/../lib/gcc/avr/4.5.1/avrxmega6\libgcc.a(_udivmodqi4.o)
 .text          0x000018da        0x0 c:/program files/atmel/avr tools/avr toolchain/bin/../lib/gcc/avr/4.5.1/avrxmega6\libgcc.a(_exit.o)
 .text          0x000018da        0x0 c:/program files/atmel/avr tools/avr toolchain/bin/../lib/gcc/avr/4.5.1/avrxmega6\libgcc.a(_copy_data.o)
                0x000018da                . = ALIGN (0x2)
 *(.text.*)
 .text.libgcc   0x000018da       0x18 c:/program files/atmel/avr tools/avr toolchain/bin/../lib/gcc/avr/4.5.1/avrxmega6\libgcc.a(_udivmodqi4.o)
                0x000018da                __udivmodqi4
 .text.libgcc   0x000018f2        0x0 c:/program files/atmel/avr tools/avr toolchain/bin/../lib/gcc/avr/4.5.1/avrxmega6\libgcc.a(_exit.o)
 .text.libgcc   0x000018f2        0x0 c:/program files/atmel/avr tools/avr toolchain/bin/../lib/gcc/avr/4.5.1/avrxmega6\libgcc.a(_copy_data.o)
                0x000018f2                . = ALIGN (0x2)
 *(.fini9)
 .fini9         0x000018f2        0x0 c:/program files/atmel/avr tools/avr toolchain/bin/../lib/gcc/avr/4.5.1/avrxmega6\libgcc.a(_exit.o)
                0x000018f2                _exit
                0x000018f2                exit
 *(.fini9)
 *(.fini8)
 *(.fini8)
 *(.fini7)
 *(.fini7)
 *(.fini6)
 *(.fini6)
 *(.fini5)
 *(.fini5)
 *(.fini4)
 *(.fini4)
 *(.fini3)
 *(.fini3)
 *(.fini2)
 *(.fini2)
 *(.fini1)
 *(.fini1)
 *(.fini0)
 .fini0         0x000018f2        0x4 c:/program files/atmel/avr tools/avr toolchain/bin/../lib/gcc/avr/4.5.1/avrxmega6\libgcc.a(_exit.o)
 *(.fini0)
                0x000018f6                _etext = .

.data           0x00802000     0x1a1c load address 0x000018f6
                0x00802000                PROVIDE (__data_start, .)
 *(.data)
 .data          0x00802000        0x0 c:/program files/atmel/avr tools/avr toolchain/bin/../lib/gcc/avr/4.5.1/../../../../avr/lib/avrxmega6/crtx128a3.o
 .data          0x00802000      0x12d main.o
                0x00802123                Num
 .data          0x0080212d     0x18ee TFT_Driver.o
                0x0080212d                asc16
                0x0080271e                sz32
                0x00802e9f                hz16
 .data          0x00803a1b        0x0 clksys_driver.o
 .data          0x00803a1b        0x0 spi_driver.o
 .data          0x00803a1b        0x0 c:/program files/atmel/avr tools/avr toolchain/bin/../lib/gcc/avr/4.5.1/avrxmega6\libgcc.a(_udivmodqi4.o)
 .data          0x00803a1b        0x0 c:/program files/atmel/avr tools/avr toolchain/bin/../lib/gcc/avr/4.5.1/avrxmega6\libgcc.a(_exit.o)
 .data          0x00803a1b        0x0 c:/program files/atmel/avr tools/avr toolchain/bin/../lib/gcc/avr/4.5.1/avrxmega6\libgcc.a(_copy_data.o)
 *(.data*)
 *(.rodata)
 *(.rodata*)
 *(.gnu.linkonce.d*)
                0x00803a1c                . = ALIGN (0x2)
 *fill*         0x00803a1b        0x1 00
                0x00803a1c                _edata = .
                0x00803a1c                PROVIDE (__data_end, .)

.bss            0x00803a1c        0x0
                0x00803a1c                PROVIDE (__bss_start, .)
 *(.bss)
 .bss           0x00803a1c        0x0 c:/program files/atmel/avr tools/avr toolchain/bin/../lib/gcc/avr/4.5.1/../../../../avr/lib/avrxmega6/crtx128a3.o
 .bss           0x00803a1c        0x0 main.o
 .bss           0x00803a1c        0x0 TFT_Driver.o
 .bss           0x00803a1c        0x0 clksys_driver.o
 .bss           0x00803a1c        0x0 spi_driver.o
 .bss           0x00803a1c        0x0 c:/program files/atmel/avr tools/avr toolchain/bin/../lib/gcc/avr/4.5.1/avrxmega6\libgcc.a(_udivmodqi4.o)
 .bss           0x00803a1c        0x0 c:/program files/atmel/avr tools/avr toolchain/bin/../lib/gcc/avr/4.5.1/avrxmega6\libgcc.a(_exit.o)
 .bss           0x00803a1c        0x0 c:/program files/atmel/avr tools/avr toolchain/bin/../lib/gcc/avr/4.5.1/avrxmega6\libgcc.a(_copy_data.o)
 *(.bss*)
 *(COMMON)
                0x00803a1c                PROVIDE (__bss_end, .)
                0x000018f6                __data_load_start = LOADADDR (.data)
                0x00003312                __data_load_end = (__data_load_start + SIZEOF (.data))

.noinit         0x00803a1c        0x0
                0x00803a1c                PROVIDE (__noinit_start, .)
 *(.noinit*)
                0x00803a1c                PROVIDE (__noinit_end, .)
                0x00803a1c                _end = .
                0x00803a1c                PROVIDE (__heap_start, .)

.eeprom         0x00810000        0x0
 *(.eeprom*)
                0x00810000                __eeprom_end = .

.fuse
 *(.fuse)
 *(.lfuse)
 *(.hfuse)
 *(.efuse)

.lock
 *(.lock*)

.signature
 *(.signature*)

.stab           0x00000000      0x6e4
 *(.stab)
 .stab          0x00000000      0x6e4 c:/program files/atmel/avr tools/avr toolchain/bin/../lib/gcc/avr/4.5.1/../../../../avr/lib/avrxmega6/crtx128a3.o

.stabstr        0x00000000       0x85
 *(.stabstr)
 .stabstr       0x00000000       0x85 c:/program files/atmel/avr tools/avr toolchain/bin/../lib/gcc/avr/4.5.1/../../../../avr/lib/avrxmega6/crtx128a3.o

.stab.excl
 *(.stab.excl)

.stab.exclstr
 *(.stab.exclstr)

.stab.index
 *(.stab.index)

.stab.indexstr
 *(.stab.indexstr)

.comment
 *(.comment)

.debug
 *(.debug)

.line
 *(.line)

.debug_srcinfo
 *(.debug_srcinfo)

.debug_sfnames
 *(.debug_sfnames)

.debug_aranges  0x00000000       0x80
 *(.debug_aranges)
 .debug_aranges
                0x00000000       0x20 main.o
 .debug_aranges
                0x00000020       0x20 TFT_Driver.o
 .debug_aranges
                0x00000040       0x20 clksys_driver.o
 .debug_aranges
                0x00000060       0x20 spi_driver.o

.debug_pubnames
                0x00000000      0x3e5
 *(.debug_pubnames)
 .debug_pubnames
                0x00000000       0x71 main.o
 .debug_pubnames
                0x00000071      0x172 TFT_Driver.o
 .debug_pubnames
                0x000001e3      0x129 clksys_driver.o
 .debug_pubnames
                0x0000030c       0xd9 spi_driver.o

.debug_info     0x00000000     0x22b1
 *(.debug_info)
 .debug_info    0x00000000      0xadb main.o
 .debug_info    0x00000adb      0xad8 TFT_Driver.o
 .debug_info    0x000015b3      0x5a3 clksys_driver.o
 .debug_info    0x00001b56      0x75b spi_driver.o
 *(.gnu.linkonce.wi.*)

.debug_abbrev   0x00000000      0x792
 *(.debug_abbrev)
 .debug_abbrev  0x00000000      0x238 main.o
 .debug_abbrev  0x00000238      0x267 TFT_Driver.o
 .debug_abbrev  0x0000049f      0x16d clksys_driver.o
 .debug_abbrev  0x0000060c      0x186 spi_driver.o

.debug_line     0x00000000     0x17d5
 *(.debug_line)
 .debug_line    0x00000000      0x585 main.o
 .debug_line    0x00000585      0xba7 TFT_Driver.o
 .debug_line    0x0000112c      0x283 clksys_driver.o
 .debug_line    0x000013af      0x426 spi_driver.o

.debug_frame    0x00000000      0x2d0
 *(.debug_frame)
 .debug_frame   0x00000000       0x70 main.o
 .debug_frame   0x00000070      0x130 TFT_Driver.o
 .debug_frame   0x000001a0       0xb0 clksys_driver.o
 .debug_frame   0x00000250       0x80 spi_driver.o

.debug_str      0x00000000      0xccd
 *(.debug_str)
 .debug_str     0x00000000      0x5d6 main.o
                                0x60f (size before relaxing)
 .debug_str     0x000005d6      0x18c TFT_Driver.o
                                0x3be (size before relaxing)
 .debug_str     0x00000762      0x439 clksys_driver.o
                                0x6e3 (size before relaxing)
 .debug_str     0x00000b9b      0x132 spi_driver.o
                                0x4c2 (size before relaxing)

.debug_loc      0x00000000     0x11ed
 *(.debug_loc)
 .debug_loc     0x00000000       0x63 main.o
 .debug_loc     0x00000063      0xd27 TFT_Driver.o
 .debug_loc     0x00000d8a      0x147 clksys_driver.o
 .debug_loc     0x00000ed1      0x31c spi_driver.o

.debug_macinfo
 *(.debug_macinfo)
OUTPUT(AVR_GUI.elf elf32-avr)
LOAD linker stubs

.debug_pubtypes
                0x00000000      0x471
 .debug_pubtypes
                0x00000000      0x143 main.o
 .debug_pubtypes
                0x00000143       0x80 TFT_Driver.o
 .debug_pubtypes
                0x000001c3      0x185 clksys_driver.o
 .debug_pubtypes
                0x00000348      0x129 spi_driver.o
