Product: MDK-ARM Professional 5.10
Component: ARM Compiler 5.04 update 1 (build 49)
Tool: armlink [5040049]

==============================================================================

Section Cross References

    system_stm32f0xx.o(.text) refers to aeabi_sdiv.o(.text) for __aeabi_uidivmod
    system_stm32f0xx.o(.text) refers to system_stm32f0xx.o(.data) for SystemCoreClock
    startup_stm32f0xx.o(STACK) refers (Special) to heapauxi.o(.text) for __use_two_region_memory
    startup_stm32f0xx.o(HEAP) refers (Special) to heapauxi.o(.text) for __use_two_region_memory
    startup_stm32f0xx.o(RESET) refers (Special) to heapauxi.o(.text) for __use_two_region_memory
    startup_stm32f0xx.o(RESET) refers to startup_stm32f0xx.o(STACK) for __initial_sp
    startup_stm32f0xx.o(RESET) refers to startup_stm32f0xx.o(.text) for Reset_Handler
    startup_stm32f0xx.o(RESET) refers to stm32f0xx_it.o(.text) for NMI_Handler
    startup_stm32f0xx.o(RESET) refers to timer.o(.text) for TIM14_IRQHandler
    startup_stm32f0xx.o(RESET) refers to system.o(.text) for USART1_IRQHandler
    startup_stm32f0xx.o(.text) refers (Special) to heapauxi.o(.text) for __use_two_region_memory
    startup_stm32f0xx.o(.text) refers to system_stm32f0xx.o(.text) for SystemInit
    startup_stm32f0xx.o(.text) refers to __main.o(!!!main) for __main
    startup_stm32f0xx.o(.text) refers to startup_stm32f0xx.o(HEAP) for Heap_Mem
    startup_stm32f0xx.o(.text) refers to startup_stm32f0xx.o(STACK) for Stack_Mem
    stm32f0xx_it.o(.text) refers to stm32f0xx_exti.o(.text) for EXTI_GetITStatus
    stm32f0xx_it.o(.text) refers to stm32f0xx_it.o(.data) for touch_flag
    main.o(.text) refers to tft_spi.o(.text) for TFT_Clear
    main.o(.text) refers to system.o(.text) for delay_ms
    main.o(.text) refers to aeabi_sdiv.o(.text) for __aeabi_idivmod
    main.o(.text) refers to stm32f0xx_gpio.o(.text) for GPIO_ReadOutputDataBit
    main.o(.text) refers to system_stm32f0xx.o(.text) for SystemInit
    main.o(.text) refers to led.o(.text) for LED_Init
    main.o(.text) refers to main.o(.data) for Num
    main.o(.text) refers to system_stm32f0xx.o(.data) for SystemCoreClock
    main.o(.text) refers to usmart_config.o(.data) for usmart_dev
    system.o(.rev16_text) refers (Special) to use_no_semi_2.o(.text) for __use_no_semihosting
    system.o(.revsh_text) refers (Special) to use_no_semi_2.o(.text) for __use_no_semihosting
    system.o(.text) refers (Special) to use_no_semi_2.o(.text) for __use_no_semihosting
    system.o(.text) refers to aeabi_sdiv.o(.text) for __aeabi_uidivmod
    system.o(.text) refers to stm32f0xx_usart.o(.text) for USART_DeInit
    system.o(.text) refers to stm32f0xx_rcc.o(.text) for RCC_AHBPeriphClockCmd
    system.o(.text) refers to stm32f0xx_gpio.o(.text) for GPIO_PinAFConfig
    system.o(.text) refers to stm32f0xx_misc.o(.text) for NVIC_Init
    system.o(.text) refers to system_stm32f0xx.o(.data) for SystemCoreClock
    system.o(.text) refers to system.o(.data) for fac_us
    system.o(.text) refers to system.o(.bss) for USART_RX_BUF
    system.o(.bss) refers (Special) to use_no_semi_2.o(.text) for __use_no_semihosting
    system.o(.data) refers (Special) to use_no_semi_2.o(.text) for __use_no_semihosting
    led.o(.text) refers to stm32f0xx_rcc.o(.text) for RCC_AHBPeriphClockCmd
    led.o(.text) refers to stm32f0xx_gpio.o(.text) for GPIO_Init
    timer.o(.text) refers to stm32f0xx_tim.o(.text) for TIM_DeInit
    timer.o(.text) refers to stm32f0xx_rcc.o(.text) for RCC_APB1PeriphClockCmd
    timer.o(.text) refers to stm32f0xx_misc.o(.text) for NVIC_Init
    timer.o(.text) refers to aeabi_sdiv.o(.text) for __aeabi_uidivmod
    timer.o(.text) refers to usmart.o(.text) for usmart_scan
    timer.o(.text) refers to system_stm32f0xx.o(.data) for SystemCoreClock
    timer.o(.text) refers to timer.o(.data) for PrescalerValue
    timer.o(.text) refers to timer.o(.bss) for TIM_TimeBaseStructure
    tft_spi.o(.text) refers to stm32f0xx_spi.o(.text) for SPI_I2S_GetFlagStatus
    tft_spi.o(.text) refers to stm32f0xx_rcc.o(.text) for RCC_AHBPeriphClockCmd
    tft_spi.o(.text) refers to stm32f0xx_gpio.o(.text) for GPIO_Init
    tft_spi.o(.text) refers to system.o(.text) for delay_ms
    tft_spi.o(.text) refers to tft_spi.o(.constdata) for asc16
    usmart.o(.text) refers to _printf_percent.o(.ARM.Collect$$_printf_percent$$00000000) for _printf_percent
    usmart.o(.text) refers to _printf_s.o(.ARM.Collect$$_printf_percent$$00000014) for _printf_s
    usmart.o(.text) refers to _printf_str.o(.text) for _printf_str
    usmart.o(.text) refers to _printf_pad.o(.text) for _printf_pre_padding
    usmart.o(.text) refers to _printf_x.o(.ARM.Collect$$_printf_percent$$0000000C) for _printf_x
    usmart.o(.text) refers to _printf_hex_int.o(.text) for _printf_longlong_hex
    usmart.o(.text) refers to _printf_u.o(.ARM.Collect$$_printf_percent$$0000000A) for _printf_u
[...]
    defsig_other.o(.text) refers to defsig_general.o(.text) for __default_signal_display


==============================================================================

Removing Unused input sections from the image.

    Removing system_stm32f0xx.o(.rev16_text), (4 bytes).
    Removing system_stm32f0xx.o(.revsh_text), (4 bytes).
    Removing stm32f0xx_it.o(.rev16_text), (4 bytes).
    Removing stm32f0xx_it.o(.revsh_text), (4 bytes).
    Removing main.o(.rev16_text), (4 bytes).
    Removing main.o(.revsh_text), (4 bytes).
    Removing system.o(.rev16_text), (4 bytes).
    Removing system.o(.revsh_text), (4 bytes).
    Removing led.o(.rev16_text), (4 bytes).
    Removing led.o(.revsh_text), (4 bytes).
    Removing timer.o(.rev16_text), (4 bytes).
    Removing timer.o(.revsh_text), (4 bytes).
    Removing tft_spi.o(.rev16_text), (4 bytes).
    Removing tft_spi.o(.revsh_text), (4 bytes).
    Removing usmart.o(.rev16_text), (4 bytes).
    Removing usmart.o(.revsh_text), (4 bytes).
    Removing usmart_config.o(.rev16_text), (4 bytes).
    Removing usmart_config.o(.revsh_text), (4 bytes).
    Removing usmart_str.o(.rev16_text), (4 bytes).
    Removing usmart_str.o(.revsh_text), (4 bytes).
    Removing stm32f0xx_exti.o(.rev16_text), (4 bytes).
    Removing stm32f0xx_exti.o(.revsh_text), (4 bytes).
    Removing stm32f0xx_gpio.o(.rev16_text), (4 bytes).
    Removing stm32f0xx_gpio.o(.revsh_text), (4 bytes).
    Removing stm32f0xx_misc.o(.rev16_text), (4 bytes).
    Removing stm32f0xx_misc.o(.revsh_text), (4 bytes).
    Removing stm32f0xx_rcc.o(.rev16_text), (4 bytes).
    Removing stm32f0xx_rcc.o(.revsh_text), (4 bytes).
    Removing stm32f0xx_spi.o(.rev16_text), (4 bytes).
    Removing stm32f0xx_spi.o(.revsh_text), (4 bytes).
    Removing stm32f0xx_tim.o(.rev16_text), (4 bytes).
    Removing stm32f0xx_tim.o(.revsh_text), (4 bytes).
    Removing stm32f0xx_usart.o(.rev16_text), (4 bytes).
    Removing stm32f0xx_usart.o(.revsh_text), (4 bytes).

34 unused section(s) (total 136 bytes) removed from the image.

==============================================================================

Image Symbol Table

    Local Symbols

    Symbol Name                              Value     Ov Type        Size  Object(Section)

    ../clib/../cmprslib/zerorunl2.c          0x00000000   Number         0  __dczerorl2.o ABSOLUTE
    ../clib/angel/boardlib.s                 0x00000000   Number         0  boardinit1.o ABSOLUTE
    ../clib/angel/boardlib.s                 0x00000000   Number         0  boardshut.o ABSOLUTE
    ../clib/angel/boardlib.s                 0x00000000   Number         0  boardinit3.o ABSOLUTE
    ../clib/angel/boardlib.s                 0x00000000   Number         0  boardinit2.o ABSOLUTE
    ../clib/angel/handlers.s                 0x00000000   Number         0  __scatter_zi.o ABSOLUTE
    ../clib/angel/kernel.s                   0x00000000   Number         0  rtentry.o ABSOLUTE
    ../clib/angel/kernel.s                   0x00000000   Number         0  rtentry4.o ABSOLUTE
    ../clib/angel/kernel.s                   0x00000000   Number         0  rtentry2.o ABSOLUTE
    ../clib/angel/kernel.s                   0x00000000   Number         0  rtexit2.o ABSOLUTE
    ../clib/angel/kernel.s                   0x00000000   Number         0  rtexit.o ABSOLUTE
    ../clib/angel/rt.s                       0x00000000   Number         0  rt_div0.o ABSOLUTE
    ../clib/angel/rt.s                       0x00000000   Number         0  aeabi_idiv0.o ABSOLUTE
    ../clib/angel/rt.s                       0x00000000   Number         0  aeabi_idiv0_sigfpe.o ABSOLUTE
    ../clib/angel/rt.s                       0x00000000   Number         0  rt_raise.o ABSOLUTE
    ../clib/angel/scatterp.s                 0x00000000   Number         0  __scatter.o ABSOLUTE
    ../clib/angel/startup.s                  0x00000000   Number         0  __main.o ABSOLUTE
    ../clib/angel/sys.s                      0x00000000   Number         0  use_no_semi_2.o ABSOLUTE
    ../clib/angel/sys.s                      0x00000000   Number         0  use_no_semi.o ABSOLUTE
    ../clib/angel/sys.s                      0x00000000   Number         0  sys_stackheap_outer.o ABSOLUTE
    ../clib/angel/sys.s                      0x00000000   Number         0  tempstk.o ABSOLUTE
    ../clib/angel/sys.s                      0x00000000   Number         0  indicate_semi.o ABSOLUTE
    ../clib/angel/sys.s                      0x00000000   Number         0  libspace.o ABSOLUTE
    ../clib/angel/sysapp.c                   0x00000000   Number         0  sys_wrch.o ABSOLUTE
    ../clib/angel/sysapp.c                   0x00000000   Number         0  sys_command.o ABSOLUTE
    ../clib/armsys.c                         0x00000000   Number         0  _get_argv_nomalloc.o ABSOLUTE
    ../clib/armsys.c                         0x00000000   Number         0  argv_veneer.o ABSOLUTE
    ../clib/armsys.c                         0x00000000   Number         0  no_argv.o ABSOLUTE
    ../clib/division.c                       0x00000000   Number         0  rtudiv10.o ABSOLUTE
    ../clib/division.s                       0x00000000   Number         0  aeabi_sdiv_div0.o ABSOLUTE
    ../clib/division.s                       0x00000000   Number         0  aeabi_sdiv.o ABSOLUTE
    ../clib/heapalloc.c                      0x00000000   Number         0  hrguard.o ABSOLUTE
    ../clib/heapaux.c                        0x00000000   Number         0  heapauxi.o ABSOLUTE
    ../clib/libinit.s                        0x00000000   Number         0  libinit.o ABSOLUTE
    ../clib/libinit.s                        0x00000000   Number         0  libshutdown2.o ABSOLUTE
    ../clib/libinit.s                        0x00000000   Number         0  libinit2.o ABSOLUTE
    ../clib/libinit.s                        0x00000000   Number         0  libshutdown.o ABSOLUTE
    ../clib/misc.s                           0x00000000   Number         0  printf_stubs.o ABSOLUTE
    ../clib/printf.c                         0x00000000   Number         0  __printf_flags.o ABSOLUTE
    ../clib/printf.c                         0x00000000   Number         0  __printf_ss.o ABSOLUTE
    ../clib/printf.c                         0x00000000   Number         0  __printf_flags_ss.o ABSOLUTE
    ../clib/printf.c                         0x00000000   Number         0  __2printf.o ABSOLUTE
    ../clib/printf.c                         0x00000000   Number         0  __printf_nopercent.o ABSOLUTE
    ../clib/printf.c                         0x00000000   Number         0  _printf_char_common.o ABSOLUTE
    ../clib/printf.c                         0x00000000   Number         0  _printf_hex_int_ll_ptr.o ABSOLUTE
    ../clib/printf.c                         0x00000000   Number         0  __printf_flags_ss_wp.o ABSOLUTE
    ../clib/printf.c                         0x00000000   Number         0  __printf_ss_wp.o ABSOLUTE
    ../clib/printf.c                         0x00000000   Number         0  __printf.o ABSOLUTE
    ../clib/printf.c                         0x00000000   Number         0  _printf_pad.o ABSOLUTE
    ../clib/printf.c                         0x00000000   Number         0  noretval__2printf.o ABSOLUTE
    ../clib/printf.c                         0x00000000   Number         0  _printf_str.o ABSOLUTE
    ../clib/printf.c                         0x00000000   Number         0  _printf_dec.o ABSOLUTE
    ../clib/printf.c                         0x00000000   Number         0  _printf_char_file.o ABSOLUTE
    ../clib/printf.c                         0x00000000   Number         0  _printf_hex_ll.o ABSOLUTE
    ../clib/printf.c                         0x00000000   Number         0  _printf_hex_int.o ABSOLUTE
    ../clib/printf.c                         0x00000000   Number         0  _printf_char.o ABSOLUTE
    ../clib/printf.c                         0x00000000   Number         0  _printf_intcommon.o ABSOLUTE
    ../clib/printf.c                         0x00000000   Number         0  __printf_flags_wp.o ABSOLUTE
    ../clib/printf.c                         0x00000000   Number         0  __printf_wp.o ABSOLUTE
    ../clib/printf.c                         0x00000000   Number         0  _printf_hex_int_ll.o ABSOLUTE
    ../clib/printf.c                         0x00000000   Number         0  _printf_hex_ptr.o ABSOLUTE
    ../clib/printf.c                         0x00000000   Number         0  _printf_hex_int_ptr.o ABSOLUTE
    ../clib/printf.c                         0x00000000   Number         0  _printf_hex_ll_ptr.o ABSOLUTE
    ../clib/printf_percent.s                 0x00000000   Number         0  _printf_d.o ABSOLUTE
    ../clib/printf_percent.s                 0x00000000   Number         0  _printf_percent.o ABSOLUTE
    ../clib/printf_percent.s                 0x00000000   Number         0  _printf_u.o ABSOLUTE
    ../clib/printf_percent.s                 0x00000000   Number         0  _printf_percent_end.o ABSOLUTE
    ../clib/printf_percent.s                 0x00000000   Number         0  _printf_c.o ABSOLUTE
    ../clib/printf_percent.s                 0x00000000   Number         0  _printf_s.o ABSOLUTE
    ../clib/printf_percent.s                 0x00000000   Number         0  _printf_x.o ABSOLUTE
    ../clib/signal.c                         0x00000000   Number         0  defsig_cppl_inner.o ABSOLUTE
    ../clib/signal.c                         0x00000000   Number         0  defsig_segv_inner.o ABSOLUTE
    ../clib/signal.c                         0x00000000   Number         0  defsig_fpe_formal.o ABSOLUTE
    ../clib/signal.c                         0x00000000   Number         0  defsig_fpe_outer.o ABSOLUTE
    ../clib/signal.c                         0x00000000   Number         0  defsig_pvfn_inner.o ABSOLUTE
    ../clib/signal.c                         0x00000000   Number         0  defsig_other.o ABSOLUTE
    ../clib/signal.c                         0x00000000   Number         0  defsig_abrt_inner.o ABSOLUTE
    ../clib/signal.c                         0x00000000   Number         0  defsig_rtred_inner.o ABSOLUTE
    ../clib/signal.c                         0x00000000   Number         0  defsig_general.o ABSOLUTE
    ../clib/signal.c                         0x00000000   Number         0  __raise.o ABSOLUTE
    ../clib/signal.c                         0x00000000   Number         0  defsig_rtmem_inner.o ABSOLUTE
    ../clib/signal.c                         0x00000000   Number         0  defsig_rtmem_outer.o ABSOLUTE
    ../clib/signal.c                         0x00000000   Number         0  defsig_fpe_inner.o ABSOLUTE
    ../clib/signal.c                         0x00000000   Number         0  defsig_exit.o ABSOLUTE
    ../clib/signal.c                         0x00000000   Number         0  defsig_stak_inner.o ABSOLUTE
    ../clib/signal.c                         0x00000000   Number         0  defsig_rtmem_formal.o ABSOLUTE
    ../clib/signal.s                         0x00000000   Number         0  defsig.o ABSOLUTE
    ../clib/stdio.c                          0x00000000   Number         0  ferror.o ABSOLUTE
    ../clib/stdio.c                          0x00000000   Number         0  ferror_locked.o ABSOLUTE
    ../clib/stdlib.c                         0x00000000   Number         0  exit.o ABSOLUTE
    ../fplib/cfplib/fpinit.c                 0x00000000   Number         0  fpinit.o ABSOLUTE
    ..\CMSIS\startup_stm32f0xx.s             0x00000000   Number         0  startup_stm32f0xx.o ABSOLUTE
    ..\CMSIS\stm32f0xx_it.c                  0x00000000   Number         0  stm32f0xx_it.o ABSOLUTE
    ..\CMSIS\system_stm32f0xx.c              0x00000000   Number         0  system_stm32f0xx.o ABSOLUTE
    ..\HARDWARE\LED\led.c                    0x00000000   Number         0  led.o ABSOLUTE
    ..\HARDWARE\TFT\TFT_SPI.c                0x00000000   Number         0  tft_spi.o ABSOLUTE
    ..\HARDWARE\TIMER\timer.c                0x00000000   Number         0  timer.o ABSOLUTE
    ..\USMART\usmart.c                       0x00000000   Number         0  usmart.o ABSOLUTE
    ..\USMART\usmart_config.c                0x00000000   Number         0  usmart_config.o ABSOLUTE
    ..\USMART\usmart_str.c                   0x00000000   Number         0  usmart_str.o ABSOLUTE
    ..\\CMSIS\\stm32f0xx_it.c                0x00000000   Number         0  stm32f0xx_it.o ABSOLUTE
    ..\\CMSIS\\system_stm32f0xx.c            0x00000000   Number         0  system_stm32f0xx.o ABSOLUTE
    ..\\HARDWARE\\LED\\led.c                 0x00000000   Number         0  led.o ABSOLUTE
    ..\\HARDWARE\\TFT\\TFT_SPI.c             0x00000000   Number         0  tft_spi.o ABSOLUTE
    ..\\HARDWARE\\TIMER\\timer.c             0x00000000   Number         0  timer.o ABSOLUTE
    ..\\USMART\\usmart.c                     0x00000000   Number         0  usmart.o ABSOLUTE
    ..\\USMART\\usmart_config.c              0x00000000   Number         0  usmart_config.o ABSOLUTE
    ..\\USMART\\usmart_str.c                 0x00000000   Number         0  usmart_str.o ABSOLUTE
    STM32F051x_FWLib\\src\\stm32f0xx_exti.c  0x00000000   Number         0  stm32f0xx_exti.o ABSOLUTE
    STM32F051x_FWLib\\src\\stm32f0xx_gpio.c  0x00000000   Number         0  stm32f0xx_gpio.o ABSOLUTE
    STM32F051x_FWLib\\src\\stm32f0xx_misc.c  0x00000000   Number         0  stm32f0xx_misc.o ABSOLUTE
    STM32F051x_FWLib\\src\\stm32f0xx_rcc.c   0x00000000   Number         0  stm32f0xx_rcc.o ABSOLUTE
    STM32F051x_FWLib\\src\\stm32f0xx_spi.c   0x00000000   Number         0  stm32f0xx_spi.o ABSOLUTE
    STM32F051x_FWLib\\src\\stm32f0xx_tim.c   0x00000000   Number         0  stm32f0xx_tim.o ABSOLUTE
    STM32F051x_FWLib\\src\\stm32f0xx_usart.c 0x00000000   Number         0  stm32f0xx_usart.o ABSOLUTE
    STM32F051x_FWLib\src\stm32f0xx_exti.c    0x00000000   Number         0  stm32f0xx_exti.o ABSOLUTE
    STM32F051x_FWLib\src\stm32f0xx_gpio.c    0x00000000   Number         0  stm32f0xx_gpio.o ABSOLUTE
    STM32F051x_FWLib\src\stm32f0xx_misc.c    0x00000000   Number         0  stm32f0xx_misc.o ABSOLUTE
    STM32F051x_FWLib\src\stm32f0xx_rcc.c     0x00000000   Number         0  stm32f0xx_rcc.o ABSOLUTE
    STM32F051x_FWLib\src\stm32f0xx_spi.c     0x00000000   Number         0  stm32f0xx_spi.o ABSOLUTE
    STM32F051x_FWLib\src\stm32f0xx_tim.c     0x00000000   Number         0  stm32f0xx_tim.o ABSOLUTE
    STM32F051x_FWLib\src\stm32f0xx_usart.c   0x00000000   Number         0  stm32f0xx_usart.o ABSOLUTE
    dc.s                                     0x00000000   Number         0  dc.o ABSOLUTE
    main.c                                   0x00000000   Number         0  main.o ABSOLUTE
    main.c                                   0x00000000   Number         0  main.o ABSOLUTE
    system.c                                 0x00000000   Number         0  system.o ABSOLUTE
    system.c                                 0x00000000   Number         0  system.o ABSOLUTE
    RESET                                    0x08000000   Section      192  startup_stm32f0xx.o(RESET)
    !!!main                                  0x080000c0   Section        8  __main.o(!!!main)
    !!!scatter                               0x080000c8   Section       60  __scatter.o(!!!scatter)
    !!handler_zi                             0x08000104   Section       28  __scatter_zi.o(!!handler_zi)
    .ARM.Collect$$_printf_percent$$00000000  0x08000120   Section        2  _printf_percent.o(.ARM.Collect$$_printf_percent$$00000000)
    .ARM.Collect$$_printf_percent$$00000009  0x08000122   Section       10  _printf_d.o(.ARM.Collect$$_printf_percent$$00000009)
    .ARM.Collect$$_printf_percent$$0000000A  0x0800012c   Section       10  _printf_u.o(.ARM.Collect$$_printf_percent$$0000000A)
    .ARM.Collect$$_printf_percent$$0000000C  0x08000136   Section       10  _printf_x.o(.ARM.Collect$$_printf_percent$$0000000C)
    .ARM.Collect$$_printf_percent$$00000013  0x08000140   Section       10  _printf_c.o(.ARM.Collect$$_printf_percent$$00000013)
    .ARM.Collect$$_printf_percent$$00000014  0x0800014a   Section       10  _printf_s.o(.ARM.Collect$$_printf_percent$$00000014)
    .ARM.Collect$$_printf_percent$$00000017  0x08000154   Section        4  _printf_percent_end.o(.ARM.Collect$$_printf_percent$$00000017)
    .ARM.Collect$$libinit$$00000000          0x08000158   Section        2  libinit.o(.ARM.Collect$$libinit$$00000000)
    .ARM.Collect$$libinit$$00000001          0x0800015a   Section        4  libinit2.o(.ARM.Collect$$libinit$$00000001)
    .ARM.Collect$$libinit$$00000008          0x0800015e   Section        0  libinit2.o(.ARM.Collect$$libinit$$00000008)
    .ARM.Collect$$libinit$$0000000A          0x0800015e   Section        0  libinit2.o(.ARM.Collect$$libinit$$0000000A)
    .ARM.Collect$$libinit$$0000000C          0x0800015e   Section        0  libinit2.o(.ARM.Collect$$libinit$$0000000C)
    .ARM.Collect$$libinit$$0000000F          0x0800015e   Section        0  libinit2.o(.ARM.Collect$$libinit$$0000000F)
    .ARM.Collect$$libinit$$00000011          0x0800015e   Section        0  libinit2.o(.ARM.Collect$$libinit$$00000011)
    .ARM.Collect$$libinit$$00000013          0x0800015e   Section        0  libinit2.o(.ARM.Collect$$libinit$$00000013)
    .ARM.Collect$$libinit$$00000015          0x0800015e   Section        0  libinit2.o(.ARM.Collect$$libinit$$00000015)
    .ARM.Collect$$libinit$$00000017          0x0800015e   Section        0  libinit2.o(.ARM.Collect$$libinit$$00000017)
    .ARM.Collect$$libinit$$00000019          0x0800015e   Section        0  libinit2.o(.ARM.Collect$$libinit$$00000019)
    .ARM.Collect$$libinit$$0000001B          0x0800015e   Section        0  libinit2.o(.ARM.Collect$$libinit$$0000001B)
    .ARM.Collect$$libinit$$0000001D          0x0800015e   Section        0  libinit2.o(.ARM.Collect$$libinit$$0000001D)
    .ARM.Collect$$libinit$$0000001F          0x0800015e   Section        0  libinit2.o(.ARM.Collect$$libinit$$0000001F)
    .ARM.Collect$$libinit$$00000021          0x0800015e   Section        0  libinit2.o(.ARM.Collect$$libinit$$00000021)
    .ARM.Collect$$libinit$$00000023          0x0800015e   Section        0  libinit2.o(.ARM.Collect$$libinit$$00000023)
    .ARM.Collect$$libinit$$0000002A          0x0800015e   Section        0  libinit2.o(.ARM.Collect$$libinit$$0000002A)
    .ARM.Collect$$libinit$$0000002C          0x0800015e   Section        0  libinit2.o(.ARM.Collect$$libinit$$0000002C)
    .ARM.Collect$$libinit$$0000002E          0x0800015e   Section        0  libinit2.o(.ARM.Collect$$libinit$$0000002E)
    .ARM.Collect$$libinit$$00000030          0x0800015e   Section        0  libinit2.o(.ARM.Collect$$libinit$$00000030)
    .ARM.Collect$$libinit$$00000031          0x0800015e   Section        2  libinit2.o(.ARM.Collect$$libinit$$00000031)
    .ARM.Collect$$libshutdown$$00000000      0x08000160   Section        2  libshutdown.o(.ARM.Collect$$libshutdown$$00000000)
    .ARM.Collect$$libshutdown$$00000003      0x08000162   Section        0  libshutdown2.o(.ARM.Collect$$libshutdown$$00000003)
    .ARM.Collect$$libshutdown$$00000006      0x08000162   Section        0  libshutdown2.o(.ARM.Collect$$libshutdown$$00000006)
    .ARM.Collect$$libshutdown$$00000009      0x08000162   Section        0  libshutdown2.o(.ARM.Collect$$libshutdown$$00000009)
    .ARM.Collect$$libshutdown$$0000000B      0x08000162   Section        0  libshutdown2.o(.ARM.Collect$$libshutdown$$0000000B)
    .ARM.Collect$$libshutdown$$0000000E      0x08000162   Section        0  libshutdown2.o(.ARM.Collect$$libshutdown$$0000000E)
    .ARM.Collect$$libshutdown$$0000000F      0x08000162   Section        2  libshutdown2.o(.ARM.Collect$$libshutdown$$0000000F)
    .ARM.Collect$$rtentry$$00000000          0x08000164   Section        0  rtentry.o(.ARM.Collect$$rtentry$$00000000)
    .ARM.Collect$$rtentry$$00000002          0x08000164   Section        0  rtentry2.o(.ARM.Collect$$rtentry$$00000002)
    .ARM.Collect$$rtentry$$00000004          0x08000164   Section        6  rtentry4.o(.ARM.Collect$$rtentry$$00000004)
    .ARM.Collect$$rtentry$$00000009          0x0800016a   Section        0  rtentry2.o(.ARM.Collect$$rtentry$$00000009)
    .ARM.Collect$$rtentry$$0000000A          0x0800016a   Section        4  rtentry2.o(.ARM.Collect$$rtentry$$0000000A)
    .ARM.Collect$$rtentry$$0000000C          0x0800016e   Section        0  rtentry2.o(.ARM.Collect$$rtentry$$0000000C)
    .ARM.Collect$$rtentry$$0000000D          0x0800016e   Section        8  rtentry2.o(.ARM.Collect$$rtentry$$0000000D)
    .ARM.Collect$$rtexit$$00000000           0x08000176   Section        2  rtexit.o(.ARM.Collect$$rtexit$$00000000)
    .ARM.Collect$$rtexit$$00000002           0x08000178   Section        0  rtexit2.o(.ARM.Collect$$rtexit$$00000002)
    .ARM.Collect$$rtexit$$00000003           0x08000178   Section        4  rtexit2.o(.ARM.Collect$$rtexit$$00000003)
    .ARM.Collect$$rtexit$$00000004           0x0800017c   Section        6  rtexit2.o(.ARM.Collect$$rtexit$$00000004)
    .text                                    0x08000184   Section        0  system_stm32f0xx.o(.text)
    SetSysClock                              0x08000185   Thumb Code   126  system_stm32f0xx.o(.text)
    .text                                    0x0800032c   Section       56  startup_stm32f0xx.o(.text)
    .text                                    0x08000364   Section        0  stm32f0xx_it.o(.text)
    .text                                    0x08000394   Section        0  main.o(.text)
    .text                                    0x0800098c   Section        0  system.o(.text)
    .text                                    0x08000cac   Section        0  led.o(.text)
    .text                                    0x08000ce4   Section        0  timer.o(.text)
    .text                                    0x08000d80   Section        0  tft_spi.o(.text)
    .text                                    0x08001b00   Section        0  usmart.o(.text)
    .text                                    0x080025cc   Section        0  usmart_str.o(.text)
    .text                                    0x08002b14   Section        0  stm32f0xx_exti.o(.text)
    .text                                    0x08002c18   Section        0  stm32f0xx_gpio.o(.text)
    .text                                    0x08002df8   Section        0  stm32f0xx_misc.o(.text)
    .text                                    0x08002eac   Section        0  stm32f0xx_rcc.o(.text)
    .text                                    0x08003498   Section        0  stm32f0xx_spi.o(.text)
    .text                                    0x08003850   Section        0  stm32f0xx_tim.o(.text)
    TI4_Config                               0x08003f91   Thumb Code    66  stm32f0xx_tim.o(.text)
    TI3_Config                               0x08003fe5   Thumb Code    66  stm32f0xx_tim.o(.text)
    TI2_Config                               0x0800403b   Thumb Code   118  stm32f0xx_tim.o(.text)
    TI1_Config                               0x080040c1   Thumb Code    54  stm32f0xx_tim.o(.text)
    .text                                    0x0800441c   Section        0  stm32f0xx_usart.o(.text)
    .text                                    0x0800498a   Section        2  use_no_semi_2.o(.text)
    .text                                    0x0800498c   Section        0  noretval__2printf.o(.text)
    .text                                    0x080049a8   Section        0  _printf_pad.o(.text)
    .text                                    0x080049f6   Section        0  _printf_str.o(.text)
    .text                                    0x08004a48   Section        0  _printf_dec.o(.text)
    .text                                    0x08004ab4   Section        0  _printf_hex_int.o(.text)
    .text                                    0x08004b0c   Section        0  __printf_flags_ss_wp.o(.text)
    .text                                    0x08004c94   Section      346  aeabi_sdiv.o(.text)
    .text                                    0x08004dee   Section        0  heapauxi.o(.text)
    .text                                    0x08004df4   Section        2  use_no_semi.o(.text)
    .text                                    0x08004df6   Section        0  _printf_intcommon.o(.text)
    .text                                    0x08004ea6   Section        0  _printf_char.o(.text)
    .text                                    0x08004ed4   Section        0  _printf_char_file.o(.text)
    .text                                    0x08004efc   Section        0  rtudiv10.o(.text)
    .text                                    0x08004f24   Section        0  _printf_char_common.o(.text)
    _printf_input_char                       0x08004f25   Thumb Code    10  _printf_char_common.o(.text)
    .text                                    0x08004f54   Section        0  ferror.o(.text)
    .text                                    0x08004f5c   Section       62  sys_stackheap_outer.o(.text)
    .text                                    0x08004f9a   Section        0  exit.o(.text)
    .text                                    0x08004fa8   Section        8  libspace.o(.text)
    .text                                    0x08004fb0   Section        0  __dczerorl2.o(.text)
    i.__ARM_common_switch8                   0x08005006   Section        0  usmart.o(i.__ARM_common_switch8)
    i._is_digit                              0x08005022   Section        0  __printf_wp.o(i._is_digit)
    .constdata                               0x08005030   Section     9007  tft_spi.o(.constdata)
    .constdata                               0x0800735f   Section       40  _printf_hex_int.o(.constdata)
    uc_hextab                                0x0800735f   Data          20  _printf_hex_int.o(.constdata)
    lc_hextab                                0x08007373   Data          20  _printf_hex_int.o(.constdata)
    .constdata                               0x08007387   Section       17  __printf_flags_ss_wp.o(.constdata)
    maptable                                 0x08007387   Data          17  __printf_flags_ss_wp.o(.constdata)
    .conststring                             0x08007398   Section       32  usmart.o(.conststring)
    .conststring                             0x080073b8   Section      111  usmart_config.o(.conststring)
    .data                                    0x20000000   Section       20  system_stm32f0xx.o(.data)
    .data                                    0x20000014   Section        1  stm32f0xx_it.o(.data)
    .data                                    0x20000015   Section       10  main.o(.data)
    .data                                    0x20000020   Section       12  system.o(.data)
    fac_us                                   0x20000020   Data           1  system.o(.data)
    fac_ms                                   0x20000022   Data           2  system.o(.data)
    .data                                    0x2000002c   Section        2  timer.o(.data)
    .data                                    0x20000030   Section       24  usmart.o(.data)
    .data                                    0x20000048   Section      268  usmart_config.o(.data)
    .data                                    0x20000154   Section       16  stm32f0xx_rcc.o(.data)
    APBAHBPrescTable                         0x20000154   Data          16  stm32f0xx_rcc.o(.data)
    .bss                                     0x20000164   Section      200  system.o(.bss)
    .bss                                     0x2000022c   Section       12  timer.o(.bss)
    .bss                                     0x20000238   Section       96  libspace.o(.bss)
    HEAP                                     0x20000298   Section      512  startup_stm32f0xx.o(HEAP)
    Heap_Mem                                 0x20000298   Data         512  startup_stm32f0xx.o(HEAP)
    STACK                                    0x20000498   Section     1024  startup_stm32f0xx.o(STACK)
    Stack_Mem                                0x20000498   Data        1024  startup_stm32f0xx.o(STACK)
    __initial_sp                             0x20000898   Data           0  startup_stm32f0xx.o(STACK)

    Global Symbols

    Symbol Name                              Value     Ov Type        Size  Object(Section)

    BuildAttributes$$THM_ISAv3M$S$PE$A:L22$X:L11$S22$IEEE1$IW$USESV6$~STKCKD$USESV7$~SHL$OSPACE$ROPI$EBA8$UX$STANDARDLIB$REQ8$PRES8$EABIv2 0x00000000   Number         0  anon$$obj.o ABSOLUTE
    __ARM_use_no_argv                        0x00000000   Number         0  main.o ABSOLUTE
    _printf_flags                            0x00000000   Number         0  printf_stubs.o ABSOLUTE
    _printf_return_value                     0x00000000   Number         0  printf_stubs.o ABSOLUTE
    _printf_sizespec                         0x00000000   Number         0  printf_stubs.o ABSOLUTE
    _printf_widthprec                        0x00000000   Number         0  printf_stubs.o ABSOLUTE
    __ARM_exceptions_init                     - Undefined Weak Reference
    __alloca_initialize                       - Undefined Weak Reference
    __cpp_initialize__aeabi_                  - Undefined Weak Reference
    __cxa_finalize                            - Undefined Weak Reference
    __rt_locale                               - Undefined Weak Reference
    __sigvec_lookup                           - Undefined Weak Reference
    _atexit_init                              - Undefined Weak Reference
    _call_atexit_fns                          - Undefined Weak Reference
    _clock_init                               - Undefined Weak Reference
    _fp_trap_init                             - Undefined Weak Reference
    _fp_trap_shutdown                         - Undefined Weak Reference
    _get_lc_collate                           - Undefined Weak Reference
    _get_lc_ctype                             - Undefined Weak Reference
    _get_lc_monetary                          - Undefined Weak Reference
    _get_lc_numeric                           - Undefined Weak Reference
    _get_lc_time                              - Undefined Weak Reference
    _getenv_init                              - Undefined Weak Reference
    _handle_redirection                       - Undefined Weak Reference
    _init_alloc                               - Undefined Weak Reference
    _init_user_alloc                          - Undefined Weak Reference
    _initio                                   - Undefined Weak Reference
    _mutex_acquire                            - Undefined Weak Reference
    _mutex_release                            - Undefined Weak Reference
    _printf_mbtowc                            - Undefined Weak Reference
    _printf_truncate_signed                   - Undefined Weak Reference
    _printf_truncate_unsigned                 - Undefined Weak Reference
    _rand_init                                - Undefined Weak Reference
    _signal_finish                            - Undefined Weak Reference
    _signal_init                              - Undefined Weak Reference
    _terminate_alloc                          - Undefined Weak Reference
    _terminate_user_alloc                     - Undefined Weak Reference
    _terminateio                              - Undefined Weak Reference
    __Vectors_Size                           0x000000c0   Number         0  startup_stm32f0xx.o ABSOLUTE
    __Vectors                                0x08000000   Data           4  startup_stm32f0xx.o(RESET)
    __Vectors_End                            0x080000c0   Data           0  startup_stm32f0xx.o(RESET)
    __main                                   0x080000c1   Thumb Code     8  __main.o(!!!main)
    __scatterload                            0x080000c9   Thumb Code     0  __scatter.o(!!!scatter)
    __scatterload_rt2                        0x080000c9   Thumb Code    52  __scatter.o(!!!scatter)
    __scatterload_rt2_thumb_only             0x080000c9   Thumb Code     0  __scatter.o(!!!scatter)
    __scatterload_null                       0x080000d9   Thumb Code     0  __scatter.o(!!!scatter)
    __scatterload_zeroinit                   0x08000105   Thumb Code    28  __scatter_zi.o(!!handler_zi)
    _printf_percent                          0x08000121   Thumb Code     0  _printf_percent.o(.ARM.Collect$$_printf_percent$$00000000)
    _printf_d                                0x08000123   Thumb Code     0  _printf_d.o(.ARM.Collect$$_printf_percent$$00000009)
    _printf_u                                0x0800012d   Thumb Code     0  _printf_u.o(.ARM.Collect$$_printf_percent$$0000000A)
    _printf_x                                0x08000137   Thumb Code     0  _printf_x.o(.ARM.Collect$$_printf_percent$$0000000C)
    _printf_c                                0x08000141   Thumb Code     0  _printf_c.o(.ARM.Collect$$_printf_percent$$00000013)
    _printf_s                                0x0800014b   Thumb Code     0  _printf_s.o(.ARM.Collect$$_printf_percent$$00000014)
    _printf_percent_end                      0x08000155   Thumb Code     0  _printf_percent_end.o(.ARM.Collect$$_printf_percent$$00000017)
    __rt_lib_init                            0x08000159   Thumb Code     0  libinit.o(.ARM.Collect$$libinit$$00000000)
    __rt_lib_init_fp_1                       0x0800015b   Thumb Code     0  libinit2.o(.ARM.Collect$$libinit$$00000001)
    __rt_lib_init_alloca_1                   0x0800015f   Thumb Code     0  libinit2.o(.ARM.Collect$$libinit$$0000002C)
    __rt_lib_init_argv_1                     0x0800015f   Thumb Code     0  libinit2.o(.ARM.Collect$$libinit$$0000002A)
    __rt_lib_init_atexit_1                   0x0800015f   Thumb Code     0  libinit2.o(.ARM.Collect$$libinit$$00000019)
    __rt_lib_init_clock_1                    0x0800015f   Thumb Code     0  libinit2.o(.ARM.Collect$$libinit$$0000001F)
    __rt_lib_init_cpp_1                      0x0800015f   Thumb Code     0  libinit2.o(.ARM.Collect$$libinit$$00000030)
    __rt_lib_init_exceptions_1               0x0800015f   Thumb Code     0  libinit2.o(.ARM.Collect$$libinit$$0000002E)
    __rt_lib_init_fp_trap_1                  0x0800015f   Thumb Code     0  libinit2.o(.ARM.Collect$$libinit$$0000001D)
    __rt_lib_init_getenv_1                   0x0800015f   Thumb Code     0  libinit2.o(.ARM.Collect$$libinit$$00000021)
    __rt_lib_init_heap_1                     0x0800015f   Thumb Code     0  libinit2.o(.ARM.Collect$$libinit$$00000008)
    __rt_lib_init_lc_collate_1               0x0800015f   Thumb Code     0  libinit2.o(.ARM.Collect$$libinit$$0000000F)
    __rt_lib_init_lc_ctype_1                 0x0800015f   Thumb Code     0  libinit2.o(.ARM.Collect$$libinit$$00000011)
    __rt_lib_init_lc_monetary_1              0x0800015f   Thumb Code     0  libinit2.o(.ARM.Collect$$libinit$$00000013)
    __rt_lib_init_lc_numeric_1               0x0800015f   Thumb Code     0  libinit2.o(.ARM.Collect$$libinit$$00000015)
    __rt_lib_init_lc_time_1                  0x0800015f   Thumb Code     0  libinit2.o(.ARM.Collect$$libinit$$00000017)
    __rt_lib_init_rand_1                     0x0800015f   Thumb Code     0  libinit2.o(.ARM.Collect$$libinit$$0000000C)
    __rt_lib_init_return                     0x0800015f   Thumb Code     0  libinit2.o(.ARM.Collect$$libinit$$00000031)
    __rt_lib_init_signal_1                   0x0800015f   Thumb Code     0  libinit2.o(.ARM.Collect$$libinit$$0000001B)
    __rt_lib_init_stdio_1                    0x0800015f   Thumb Code     0  libinit2.o(.ARM.Collect$$libinit$$00000023)
    __rt_lib_init_user_alloc_1               0x0800015f   Thumb Code     0  libinit2.o(.ARM.Collect$$libinit$$0000000A)
    __rt_lib_shutdown                        0x08000161   Thumb Code     0  libshutdown.o(.ARM.Collect$$libshutdown$$00000000)
    __rt_lib_shutdown_fp_trap_1              0x08000163   Thumb Code     0  libshutdown2.o(.ARM.Collect$$libshutdown$$00000006)
    __rt_lib_shutdown_heap_1                 0x08000163   Thumb Code     0  libshutdown2.o(.ARM.Collect$$libshutdown$$0000000E)
    __rt_lib_shutdown_return                 0x08000163   Thumb Code     0  libshutdown2.o(.ARM.Collect$$libshutdown$$0000000F)
    __rt_lib_shutdown_signal_1               0x08000163   Thumb Code     0  libshutdown2.o(.ARM.Collect$$libshutdown$$00000009)
    __rt_lib_shutdown_stdio_1                0x08000163   Thumb Code     0  libshutdown2.o(.ARM.Collect$$libshutdown$$00000003)
    __rt_lib_shutdown_user_alloc_1           0x08000163   Thumb Code     0  libshutdown2.o(.ARM.Collect$$libshutdown$$0000000B)
    __rt_entry                               0x08000165   Thumb Code     0  rtentry.o(.ARM.Collect$$rtentry$$00000000)
    __rt_entry_presh_1                       0x08000165   Thumb Code     0  rtentry2.o(.ARM.Collect$$rtentry$$00000002)
    __rt_entry_sh                            0x08000165   Thumb Code     0  rtentry4.o(.ARM.Collect$$rtentry$$00000004)
    __rt_entry_li                            0x0800016b   Thumb Code     0  rtentry2.o(.ARM.Collect$$rtentry$$0000000A)
    __rt_entry_postsh_1                      0x0800016b   Thumb Code     0  rtentry2.o(.ARM.Collect$$rtentry$$00000009)
    __rt_entry_main                          0x0800016f   Thumb Code     0  rtentry2.o(.ARM.Collect$$rtentry$$0000000D)
    __rt_entry_postli_1                      0x0800016f   Thumb Code     0  rtentry2.o(.ARM.Collect$$rtentry$$0000000C)
    __rt_exit                                0x08000177   Thumb Code     0  rtexit.o(.ARM.Collect$$rtexit$$00000000)
    __rt_exit_ls                             0x08000179   Thumb Code     0  rtexit2.o(.ARM.Collect$$rtexit$$00000003)
    __rt_exit_prels_1                        0x08000179   Thumb Code     0  rtexit2.o(.ARM.Collect$$rtexit$$00000002)
    __rt_exit_exit                           0x0800017d   Thumb Code     0  rtexit2.o(.ARM.Collect$$rtexit$$00000004)
    SystemInit                               0x08000203   Thumb Code   110  system_stm32f0xx.o(.text)
    SystemCoreClockUpdate                    0x08000271   Thumb Code   154  system_stm32f0xx.o(.text)
    Reset_Handler                            0x0800032d   Thumb Code     8  startup_stm32f0xx.o(.text)
    ADC1_COMP_IRQHandler                     0x0800033f   Thumb Code     0  startup_stm32f0xx.o(.text)
    CEC_IRQHandler                           0x0800033f   Thumb Code     0  startup_stm32f0xx.o(.text)
    DMA1_Channel1_IRQHandler                 0x0800033f   Thumb Code     0  startup_stm32f0xx.o(.text)
    DMA1_Channel2_3_IRQHandler               0x0800033f   Thumb Code     0  startup_stm32f0xx.o(.text)
    DMA1_Channel4_5_IRQHandler               0x0800033f   Thumb Code     0  startup_stm32f0xx.o(.text)
    EXTI0_1_IRQHandler                       0x0800033f   Thumb Code     0  startup_stm32f0xx.o(.text)
    EXTI2_3_IRQHandler                       0x0800033f   Thumb Code     0  startup_stm32f0xx.o(.text)
    FLASH_IRQHandler                         0x0800033f   Thumb Code     0  startup_stm32f0xx.o(.text)
    I2C1_IRQHandler                          0x0800033f   Thumb Code     0  startup_stm32f0xx.o(.text)
    I2C2_IRQHandler                          0x0800033f   Thumb Code     0  startup_stm32f0xx.o(.text)
    PVD_IRQHandler                           0x0800033f   Thumb Code     0  startup_stm32f0xx.o(.text)
    RCC_IRQHandler                           0x0800033f   Thumb Code     0  startup_stm32f0xx.o(.text)
    SPI1_IRQHandler                          0x0800033f   Thumb Code     0  startup_stm32f0xx.o(.text)
    SPI2_IRQHandler                          0x0800033f   Thumb Code     0  startup_stm32f0xx.o(.text)
    TIM15_IRQHandler                         0x0800033f   Thumb Code     0  startup_stm32f0xx.o(.text)
    TIM16_IRQHandler                         0x0800033f   Thumb Code     0  startup_stm32f0xx.o(.text)
    TIM17_IRQHandler                         0x0800033f   Thumb Code     0  startup_stm32f0xx.o(.text)
    TIM1_BRK_UP_TRG_COM_IRQHandler           0x0800033f   Thumb Code     0  startup_stm32f0xx.o(.text)
    TIM1_CC_IRQHandler                       0x0800033f   Thumb Code     0  startup_stm32f0xx.o(.text)
    TIM2_IRQHandler                          0x0800033f   Thumb Code     0  startup_stm32f0xx.o(.text)
    TIM3_IRQHandler                          0x0800033f   Thumb Code     0  startup_stm32f0xx.o(.text)
    TIM6_DAC_IRQHandler                      0x0800033f   Thumb Code     0  startup_stm32f0xx.o(.text)
    TS_IRQHandler                            0x0800033f   Thumb Code     0  startup_stm32f0xx.o(.text)
    WWDG_IRQHandler                          0x0800033f   Thumb Code     0  startup_stm32f0xx.o(.text)
    __user_initial_stackheap                 0x08000341   Thumb Code     0  startup_stm32f0xx.o(.text)
    NMI_Handler                              0x08000365   Thumb Code     2  stm32f0xx_it.o(.text)
    HardFault_Handler                        0x08000367   Thumb Code     4  stm32f0xx_it.o(.text)
    SVC_Handler                              0x0800036b   Thumb Code     2  stm32f0xx_it.o(.text)
    PendSV_Handler                           0x0800036d   Thumb Code     2  stm32f0xx_it.o(.text)
    SysTick_Handler                          0x0800036f   Thumb Code     2  stm32f0xx_it.o(.text)
    EXTI4_15_IRQHandler                      0x08000371   Thumb Code    28  stm32f0xx_it.o(.text)
    RTC_IRQHandler                           0x0800038d   Thumb Code     2  stm32f0xx_it.o(.text)
    Redraw_Mainmenu                          0x08000395   Thumb Code   340  main.o(.text)
    Num_Test                                 0x080004e9   Thumb Code   120  main.o(.text)
    Font_Test                                0x08000561   Thumb Code   200  main.o(.text)
    Color_Test                               0x08000629   Thumb Code   280  main.o(.text)
    main                                     0x08000741   Thumb Code   564  main.o(.text)
    Delay_init                               0x0800098d   Thumb Code    32  system.o(.text)
    delay_us                                 0x080009ad   Thumb Code    70  system.o(.text)
    delay_ms                                 0x080009f3   Thumb Code    70  system.o(.text)
    _sys_exit                                0x08000a39   Thumb Code     6  system.o(.text)
    fputc                                    0x08000a3f   Thumb Code    24  system.o(.text)
    USART1_Init                              0x08000a57   Thumb Code   146  system.o(.text)
    USART1_IRQHandler                        0x08000ae9   Thumb Code   132  system.o(.text)
    USART2_Init                              0x08000b6d   Thumb Code   146  system.o(.text)
    USART2_IRQHandler                        0x08000bff   Thumb Code   132  system.o(.text)
    LED_Init                                 0x08000cad   Thumb Code    50  led.o(.text)
    TIM14_Init                               0x08000ce5   Thumb Code   106  timer.o(.text)
    TIM14_IRQHandler                         0x08000d4f   Thumb Code    28  timer.o(.text)
    SPI_WriteByte                            0x08000d81   Thumb Code    48  tft_spi.o(.text)
    SPI1_Init                                0x08000db1   Thumb Code   236  tft_spi.o(.text)
    TFT_WriteIndex                           0x08000e9d   Thumb Code    20  tft_spi.o(.text)
    TFT_WriteData                            0x08000eb1   Thumb Code    20  tft_spi.o(.text)
    TFT_WriteData16Bit                       0x08000ec5   Thumb Code    20  tft_spi.o(.text)
    TFT_WriteIndex16Bit                      0x08000ed9   Thumb Code    20  tft_spi.o(.text)
    TFT_Init                                 0x08000eed   Thumb Code   552  tft_spi.o(.text)
    TFT_SetRegion                            0x08001115   Thumb Code    62  tft_spi.o(.text)
    TFT_SetXY                                0x08001153   Thumb Code    54  tft_spi.o(.text)
    TFT_DrawPoint                            0x08001189   Thumb Code    30  tft_spi.o(.text)
    TFT_ReadPoint                            0x080011a7   Thumb Code   118  tft_spi.o(.text)
    TFT_Clear                                0x0800121d   Thumb Code    64  tft_spi.o(.text)
    TFT_Circle                               0x0800125d   Thumb Code   298  tft_spi.o(.text)
    TFT_DrawLine                             0x08001387   Thumb Code   190  tft_spi.o(.text)
    TFT_box                                  0x08001445   Thumb Code   138  tft_spi.o(.text)
    TFT_box2                                 0x080014cf   Thumb Code   320  tft_spi.o(.text)
    DisplayButtonUp                          0x0800160f   Thumb Code   118  tft_spi.o(.text)
    DisplayButtonDown                        0x08001685   Thumb Code   118  tft_spi.o(.text)
    TFT_DrawFont_GBK16                       0x080016fb   Thumb Code   396  tft_spi.o(.text)
    TFT_DrawFont_GBK24                       0x08001887   Thumb Code   500  tft_spi.o(.text)
    TFT_DrawFont_Num32                       0x08001a7b   Thumb Code   124  tft_spi.o(.text)
    usmart_sys_cmd_exe                       0x08001b01   Thumb Code  1586  usmart.o(.text)
    usmart_init                              0x08002133   Thumb Code    30  usmart.o(.text)
    usmart_cmd_rec                           0x08002151   Thumb Code   176  usmart.o(.text)
    usmart_exe                               0x08002201   Thumb Code   748  usmart.o(.text)
    usmart_scan                              0x080024ed   Thumb Code   126  usmart.o(.text)
    read_addr                                0x0800256b   Thumb Code     6  usmart.o(.text)
    write_addr                               0x08002571   Thumb Code     4  usmart.o(.text)
    usmart_strcmp                            0x080025cd   Thumb Code    36  usmart_str.o(.text)
    usmart_strcopy                           0x080025f1   Thumb Code    24  usmart_str.o(.text)
    usmart_strlen                            0x08002609   Thumb Code    26  usmart_str.o(.text)
    usmart_pow                               0x08002623   Thumb Code    26  usmart_str.o(.text)
    usmart_str2num                           0x0800263d   Thumb Code   208  usmart_str.o(.text)
    usmart_get_cmdname                       0x0800270d   Thumb Code    54  usmart_str.o(.text)
    usmart_search_nextc                      0x08002743   Thumb Code    20  usmart_str.o(.text)
    usmart_get_fname                         0x08002757   Thumb Code   452  usmart_str.o(.text)
    usmart_get_aparm                         0x0800291b   Thumb Code   202  usmart_str.o(.text)
    usmart_get_parmpos                       0x080029e5   Thumb Code    26  usmart_str.o(.text)
    usmart_get_fparam                        0x080029ff   Thumb Code   266  usmart_str.o(.text)
    EXTI_DeInit                              0x08002b15   Thumb Code    20  stm32f0xx_exti.o(.text)
    EXTI_Init                                0x08002b29   Thumb Code   132  stm32f0xx_exti.o(.text)
    EXTI_StructInit                          0x08002bad   Thumb Code    16  stm32f0xx_exti.o(.text)
    EXTI_GenerateSWInterrupt                 0x08002bbd   Thumb Code    12  stm32f0xx_exti.o(.text)
    EXTI_GetFlagStatus                       0x08002bc9   Thumb Code    20  stm32f0xx_exti.o(.text)
    EXTI_ClearFlag                           0x08002bdd   Thumb Code     6  stm32f0xx_exti.o(.text)
    EXTI_GetITStatus                         0x08002be3   Thumb Code    34  stm32f0xx_exti.o(.text)
    EXTI_ClearITPendingBit                   0x08002c05   Thumb Code     6  stm32f0xx_exti.o(.text)
    GPIO_DeInit                              0x08002c19   Thumb Code   132  stm32f0xx_gpio.o(.text)
    GPIO_Init                                0x08002c9d   Thumb Code   144  stm32f0xx_gpio.o(.text)
    GPIO_StructInit                          0x08002d2d   Thumb Code    20  stm32f0xx_gpio.o(.text)
    GPIO_PinLockConfig                       0x08002d41   Thumb Code    22  stm32f0xx_gpio.o(.text)
    GPIO_ReadInputDataBit                    0x08002d57   Thumb Code    18  stm32f0xx_gpio.o(.text)
    GPIO_ReadInputData                       0x08002d69   Thumb Code     6  stm32f0xx_gpio.o(.text)
    GPIO_ReadOutputDataBit                   0x08002d6f   Thumb Code    18  stm32f0xx_gpio.o(.text)
    GPIO_ReadOutputData                      0x08002d81   Thumb Code     6  stm32f0xx_gpio.o(.text)
    GPIO_SetBits                             0x08002d87   Thumb Code     4  stm32f0xx_gpio.o(.text)
    GPIO_ResetBits                           0x08002d8b   Thumb Code     4  stm32f0xx_gpio.o(.text)
    GPIO_WriteBit                            0x08002d8f   Thumb Code    12  stm32f0xx_gpio.o(.text)
    GPIO_Write                               0x08002d9b   Thumb Code     4  stm32f0xx_gpio.o(.text)
    GPIO_PinAFConfig                         0x08002d9f   Thumb Code    68  stm32f0xx_gpio.o(.text)
    NVIC_Init                                0x08002df9   Thumb Code   106  stm32f0xx_misc.o(.text)
    NVIC_SystemLPConfig                      0x08002e63   Thumb Code    28  stm32f0xx_misc.o(.text)
    SysTick_CLKSourceConfig                  0x08002e7f   Thumb Code    32  stm32f0xx_misc.o(.text)
    RCC_DeInit                               0x08002ead   Thumb Code   104  stm32f0xx_rcc.o(.text)
    RCC_HSEConfig                            0x08002f15   Thumb Code    12  stm32f0xx_rcc.o(.text)
    RCC_GetFlagStatus                        0x08002f21   Thumb Code    66  stm32f0xx_rcc.o(.text)
    RCC_WaitForHSEStartUp                    0x08002f63   Thumb Code    52  stm32f0xx_rcc.o(.text)
    RCC_AdjustHSICalibrationValue            0x08002f97   Thumb Code    26  stm32f0xx_rcc.o(.text)
    RCC_HSICmd                               0x08002fb1   Thumb Code    32  stm32f0xx_rcc.o(.text)
    RCC_AdjustHSI14CalibrationValue          0x08002fd1   Thumb Code    26  stm32f0xx_rcc.o(.text)
    RCC_HSI14Cmd                             0x08002feb   Thumb Code    32  stm32f0xx_rcc.o(.text)
    RCC_HSI14ADCRequestCmd                   0x0800300b   Thumb Code    32  stm32f0xx_rcc.o(.text)
    RCC_LSEConfig                            0x0800302b   Thumb Code    34  stm32f0xx_rcc.o(.text)
    RCC_LSEDriveConfig                       0x0800304d   Thumb Code    22  stm32f0xx_rcc.o(.text)
    RCC_LSICmd                               0x08003063   Thumb Code    32  stm32f0xx_rcc.o(.text)
    RCC_PLLConfig                            0x08003083   Thumb Code    30  stm32f0xx_rcc.o(.text)
    RCC_PLLCmd                               0x080030a1   Thumb Code    36  stm32f0xx_rcc.o(.text)
    RCC_PREDIV1Config                        0x080030c5   Thumb Code    24  stm32f0xx_rcc.o(.text)
    RCC_ClockSecuritySystemCmd               0x080030dd   Thumb Code    36  stm32f0xx_rcc.o(.text)
    RCC_MCOConfig                            0x08003101   Thumb Code     6  stm32f0xx_rcc.o(.text)
    RCC_SYSCLKConfig                         0x08003107   Thumb Code    24  stm32f0xx_rcc.o(.text)
    RCC_GetSYSCLKSource                      0x0800311f   Thumb Code    10  stm32f0xx_rcc.o(.text)
    RCC_HCLKConfig                           0x08003129   Thumb Code    28  stm32f0xx_rcc.o(.text)
    RCC_PCLKConfig                           0x08003145   Thumb Code    30  stm32f0xx_rcc.o(.text)
    RCC_ADCCLKConfig                         0x08003163   Thumb Code    52  stm32f0xx_rcc.o(.text)
    RCC_CECCLKConfig                         0x08003197   Thumb Code    22  stm32f0xx_rcc.o(.text)
    RCC_I2CCLKConfig                         0x080031ad   Thumb Code    22  stm32f0xx_rcc.o(.text)
    RCC_USARTCLKConfig                       0x080031c3   Thumb Code    22  stm32f0xx_rcc.o(.text)
    RCC_GetClocksFreq                        0x080031d9   Thumb Code   368  stm32f0xx_rcc.o(.text)
    RCC_RTCCLKConfig                         0x08003349   Thumb Code    12  stm32f0xx_rcc.o(.text)
    RCC_RTCCLKCmd                            0x08003355   Thumb Code    36  stm32f0xx_rcc.o(.text)
    RCC_BackupResetCmd                       0x08003379   Thumb Code    36  stm32f0xx_rcc.o(.text)
    RCC_AHBPeriphClockCmd                    0x0800339d   Thumb Code    28  stm32f0xx_rcc.o(.text)
    RCC_APB2PeriphClockCmd                   0x080033b9   Thumb Code    28  stm32f0xx_rcc.o(.text)
    RCC_APB1PeriphClockCmd                   0x080033d5   Thumb Code    28  stm32f0xx_rcc.o(.text)
    RCC_AHBPeriphResetCmd                    0x080033f1   Thumb Code    28  stm32f0xx_rcc.o(.text)
    RCC_APB2PeriphResetCmd                   0x0800340d   Thumb Code    28  stm32f0xx_rcc.o(.text)
    RCC_APB1PeriphResetCmd                   0x08003429   Thumb Code    28  stm32f0xx_rcc.o(.text)
    RCC_ITConfig                             0x08003445   Thumb Code    28  stm32f0xx_rcc.o(.text)
    RCC_ClearFlag                            0x08003461   Thumb Code    16  stm32f0xx_rcc.o(.text)
    RCC_GetITStatus                          0x08003471   Thumb Code    20  stm32f0xx_rcc.o(.text)
    RCC_ClearITPendingBit                    0x08003485   Thumb Code     6  stm32f0xx_rcc.o(.text)
    SPI_I2S_DeInit                           0x08003499   Thumb Code    52  stm32f0xx_spi.o(.text)
    SPI_StructInit                           0x080034cd   Thumb Code    30  stm32f0xx_spi.o(.text)
    SPI_Init                                 0x080034eb   Thumb Code    76  stm32f0xx_spi.o(.text)
    I2S_StructInit                           0x08003537   Thumb Code    20  stm32f0xx_spi.o(.text)
    I2S_Init                                 0x0800354b   Thumb Code   228  stm32f0xx_spi.o(.text)
    SPI_Cmd                                  0x0800362f   Thumb Code    26  stm32f0xx_spi.o(.text)
    SPI_TIModeCmd                            0x08003649   Thumb Code    26  stm32f0xx_spi.o(.text)
    I2S_Cmd                                  0x08003663   Thumb Code    26  stm32f0xx_spi.o(.text)
    SPI_DataSizeConfig                       0x0800367d   Thumb Code    20  stm32f0xx_spi.o(.text)
    SPI_RxFIFOThresholdConfig                0x08003691   Thumb Code    16  stm32f0xx_spi.o(.text)
    SPI_BiDirectionalLineConfig              0x080036a1   Thumb Code    28  stm32f0xx_spi.o(.text)
    SPI_NSSInternalSoftwareConfig            0x080036bd   Thumb Code    32  stm32f0xx_spi.o(.text)
    SPI_SSOutputCmd                          0x080036dd   Thumb Code    24  stm32f0xx_spi.o(.text)
    SPI_NSSPulseModeCmd                      0x080036f5   Thumb Code    26  stm32f0xx_spi.o(.text)
    SPI_SendData8                            0x0800370f   Thumb Code    10  stm32f0xx_spi.o(.text)
    SPI_I2S_SendData16                       0x08003719   Thumb Code     4  stm32f0xx_spi.o(.text)
    SPI_ReceiveData8                         0x0800371d   Thumb Code    12  stm32f0xx_spi.o(.text)
    SPI_I2S_ReceiveData16                    0x08003729   Thumb Code     6  stm32f0xx_spi.o(.text)
    SPI_CRCLengthConfig                      0x0800372f   Thumb Code    16  stm32f0xx_spi.o(.text)
    SPI_CalculateCRC                         0x0800373f   Thumb Code    26  stm32f0xx_spi.o(.text)
    SPI_TransmitCRC                          0x08003759   Thumb Code    12  stm32f0xx_spi.o(.text)
    SPI_GetCRC                               0x08003765   Thumb Code    16  stm32f0xx_spi.o(.text)
    SPI_GetCRCPolynomial                     0x08003775   Thumb Code     6  stm32f0xx_spi.o(.text)
    SPI_I2S_DMACmd                           0x0800377b   Thumb Code    20  stm32f0xx_spi.o(.text)
    SPI_LastDMATransferCmd                   0x0800378f   Thumb Code    16  stm32f0xx_spi.o(.text)
    SPI_I2S_ITConfig                         0x0800379f   Thumb Code    34  stm32f0xx_spi.o(.text)
    SPI_GetTransmissionFIFOStatus            0x080037c1   Thumb Code    12  stm32f0xx_spi.o(.text)
    SPI_GetReceptionFIFOStatus               0x080037cd   Thumb Code    12  stm32f0xx_spi.o(.text)
    SPI_I2S_GetFlagStatus                    0x080037d9   Thumb Code    18  stm32f0xx_spi.o(.text)
    SPI_I2S_ClearFlag                        0x080037eb   Thumb Code     6  stm32f0xx_spi.o(.text)
    SPI_I2S_GetITStatus                      0x080037f1   Thumb Code    54  stm32f0xx_spi.o(.text)
    TIM_DeInit                               0x08003851   Thumb Code   204  stm32f0xx_tim.o(.text)
    TIM_TimeBaseInit                         0x0800391d   Thumb Code    90  stm32f0xx_tim.o(.text)
    TIM_TimeBaseStructInit                   0x08003977   Thumb Code    18  stm32f0xx_tim.o(.text)
    TIM_PrescalerConfig                      0x08003989   Thumb Code     6  stm32f0xx_tim.o(.text)
    TIM_CounterModeConfig                    0x0800398f   Thumb Code    20  stm32f0xx_tim.o(.text)
    TIM_SetCounter                           0x080039a3   Thumb Code     4  stm32f0xx_tim.o(.text)
    TIM_SetAutoreload                        0x080039a7   Thumb Code     4  stm32f0xx_tim.o(.text)
    TIM_GetCounter                           0x080039ab   Thumb Code     6  stm32f0xx_tim.o(.text)
    TIM_GetPrescaler                         0x080039b1   Thumb Code     6  stm32f0xx_tim.o(.text)
    TIM_UpdateDisableConfig                  0x080039b7   Thumb Code    26  stm32f0xx_tim.o(.text)
    TIM_UpdateRequestConfig                  0x080039d1   Thumb Code    26  stm32f0xx_tim.o(.text)
    TIM_ARRPreloadConfig                     0x080039eb   Thumb Code    26  stm32f0xx_tim.o(.text)
    TIM_SelectOnePulseMode                   0x08003a05   Thumb Code    18  stm32f0xx_tim.o(.text)
    TIM_SetClockDivision                     0x08003a17   Thumb Code    16  stm32f0xx_tim.o(.text)
    TIM_Cmd                                  0x08003a27   Thumb Code    26  stm32f0xx_tim.o(.text)
    TIM_BDTRConfig                           0x08003a41   Thumb Code    32  stm32f0xx_tim.o(.text)
    TIM_BDTRStructInit                       0x08003a61   Thumb Code    18  stm32f0xx_tim.o(.text)
    TIM_CtrlPWMOutputs                       0x08003a73   Thumb Code    34  stm32f0xx_tim.o(.text)
    TIM_OC1Init                              0x08003a95   Thumb Code   122  stm32f0xx_tim.o(.text)
    TIM_OC2Init                              0x08003b0f   Thumb Code   132  stm32f0xx_tim.o(.text)
    TIM_OC3Init                              0x08003b93   Thumb Code   124  stm32f0xx_tim.o(.text)
    TIM_OC4Init                              0x08003c0f   Thumb Code   150  stm32f0xx_tim.o(.text)
    TIM_OCStructInit                         0x08003ca5   Thumb Code    20  stm32f0xx_tim.o(.text)
    TIM_SelectOCxM                           0x08003cb9   Thumb Code    82  stm32f0xx_tim.o(.text)
    TIM_SetCompare1                          0x08003d0b   Thumb Code     4  stm32f0xx_tim.o(.text)
    TIM_SetCompare2                          0x08003d0f   Thumb Code     4  stm32f0xx_tim.o(.text)
    TIM_SetCompare3                          0x08003d13   Thumb Code     4  stm32f0xx_tim.o(.text)
    TIM_SetCompare4                          0x08003d17   Thumb Code     4  stm32f0xx_tim.o(.text)
    TIM_ForcedOC1Config                      0x08003d1b   Thumb Code    20  stm32f0xx_tim.o(.text)
    TIM_ForcedOC2Config                      0x08003d2f   Thumb Code    20  stm32f0xx_tim.o(.text)
    TIM_ForcedOC3Config                      0x08003d43   Thumb Code    20  stm32f0xx_tim.o(.text)
    TIM_ForcedOC4Config                      0x08003d57   Thumb Code    20  stm32f0xx_tim.o(.text)
    TIM_CCPreloadControl                     0x08003d6b   Thumb Code    26  stm32f0xx_tim.o(.text)
    TIM_OC1PreloadConfig                     0x08003d85   Thumb Code    22  stm32f0xx_tim.o(.text)
    TIM_OC2PreloadConfig                     0x08003d9b   Thumb Code    20  stm32f0xx_tim.o(.text)
    TIM_OC3PreloadConfig                     0x08003daf   Thumb Code    22  stm32f0xx_tim.o(.text)
    TIM_OC4PreloadConfig                     0x08003dc5   Thumb Code    20  stm32f0xx_tim.o(.text)
    TIM_OC1FastConfig                        0x08003dd9   Thumb Code    22  stm32f0xx_tim.o(.text)
    TIM_OC2FastConfig                        0x08003def   Thumb Code    20  stm32f0xx_tim.o(.text)
    TIM_OC3FastConfig                        0x08003e03   Thumb Code    22  stm32f0xx_tim.o(.text)
    TIM_OC4FastConfig                        0x08003e19   Thumb Code    20  stm32f0xx_tim.o(.text)
    TIM_ClearOC1Ref                          0x08003e2d   Thumb Code    22  stm32f0xx_tim.o(.text)
    TIM_ClearOC2Ref                          0x08003e43   Thumb Code    20  stm32f0xx_tim.o(.text)
    TIM_ClearOC3Ref                          0x08003e57   Thumb Code    22  stm32f0xx_tim.o(.text)
    TIM_ClearOC4Ref                          0x08003e6d   Thumb Code    20  stm32f0xx_tim.o(.text)
    TIM_OC1PolarityConfig                    0x08003e81   Thumb Code    22  stm32f0xx_tim.o(.text)
    TIM_OC1NPolarityConfig                   0x08003e97   Thumb Code    22  stm32f0xx_tim.o(.text)
    TIM_OC2PolarityConfig                    0x08003ead   Thumb Code    22  stm32f0xx_tim.o(.text)
    TIM_OC2NPolarityConfig                   0x08003ec3   Thumb Code    22  stm32f0xx_tim.o(.text)
    TIM_OC3PolarityConfig                    0x08003ed9   Thumb Code    20  stm32f0xx_tim.o(.text)
    TIM_OC3NPolarityConfig                   0x08003eed   Thumb Code    20  stm32f0xx_tim.o(.text)
    TIM_OC4PolarityConfig                    0x08003f01   Thumb Code    20  stm32f0xx_tim.o(.text)
    TIM_SelectOCREFClear                     0x08003f15   Thumb Code    18  stm32f0xx_tim.o(.text)
    TIM_CCxCmd                               0x08003f27   Thumb Code    30  stm32f0xx_tim.o(.text)
    TIM_CCxNCmd                              0x08003f45   Thumb Code    30  stm32f0xx_tim.o(.text)
    TIM_SelectCOM                            0x08003f63   Thumb Code    26  stm32f0xx_tim.o(.text)
    TIM_SetIC4Prescaler                      0x08003f7d   Thumb Code    20  stm32f0xx_tim.o(.text)
    TIM_SetIC3Prescaler                      0x08003fd3   Thumb Code    18  stm32f0xx_tim.o(.text)
    TIM_SetIC2Prescaler                      0x08004027   Thumb Code    20  stm32f0xx_tim.o(.text)
    TIM_SetIC1Prescaler                      0x080040b1   Thumb Code    16  stm32f0xx_tim.o(.text)
    TIM_ICInit                               0x080040f7   Thumb Code   112  stm32f0xx_tim.o(.text)
    TIM_ICStructInit                         0x08004167   Thumb Code    18  stm32f0xx_tim.o(.text)
    TIM_PWMIConfig                           0x08004179   Thumb Code   124  stm32f0xx_tim.o(.text)
    TIM_GetCapture1                          0x080041f5   Thumb Code     6  stm32f0xx_tim.o(.text)
    TIM_GetCapture2                          0x080041fb   Thumb Code     6  stm32f0xx_tim.o(.text)
    TIM_GetCapture3                          0x08004201   Thumb Code     6  stm32f0xx_tim.o(.text)
    TIM_GetCapture4                          0x08004207   Thumb Code     6  stm32f0xx_tim.o(.text)
    TIM_ITConfig                             0x0800420d   Thumb Code    20  stm32f0xx_tim.o(.text)
    TIM_GenerateEvent                        0x08004221   Thumb Code     4  stm32f0xx_tim.o(.text)
    TIM_GetFlagStatus                        0x08004225   Thumb Code    18  stm32f0xx_tim.o(.text)
    TIM_ClearFlag                            0x08004237   Thumb Code     6  stm32f0xx_tim.o(.text)
    TIM_GetITStatus                          0x0800423d   Thumb Code    38  stm32f0xx_tim.o(.text)
    TIM_ClearITPendingBit                    0x08004263   Thumb Code     6  stm32f0xx_tim.o(.text)
    TIM_DMAConfig                            0x08004269   Thumb Code    12  stm32f0xx_tim.o(.text)
    TIM_DMACmd                               0x08004275   Thumb Code    20  stm32f0xx_tim.o(.text)
    TIM_SelectCCDMA                          0x08004289   Thumb Code    26  stm32f0xx_tim.o(.text)
    TIM_InternalClockConfig                  0x080042a3   Thumb Code    12  stm32f0xx_tim.o(.text)
    TIM_SelectInputTrigger                   0x080042af   Thumb Code    22  stm32f0xx_tim.o(.text)
    TIM_ITRxExternalClockConfig              0x080042c5   Thumb Code    24  stm32f0xx_tim.o(.text)
    TIM_TIxExternalClockConfig               0x080042dd   Thumb Code    58  stm32f0xx_tim.o(.text)
    TIM_ETRConfig                            0x08004317   Thumb Code    24  stm32f0xx_tim.o(.text)
    TIM_ETRClockMode1Config                  0x0800432f   Thumb Code    48  stm32f0xx_tim.o(.text)
    TIM_ETRClockMode2Config                  0x0800435f   Thumb Code    34  stm32f0xx_tim.o(.text)
    TIM_SelectOutputTrigger                  0x08004381   Thumb Code    18  stm32f0xx_tim.o(.text)
    TIM_SelectSlaveMode                      0x08004393   Thumb Code    18  stm32f0xx_tim.o(.text)
    TIM_SelectMasterSlaveMode                0x080043a5   Thumb Code    18  stm32f0xx_tim.o(.text)
    TIM_EncoderInterfaceConfig               0x080043b7   Thumb Code    60  stm32f0xx_tim.o(.text)
    TIM_SelectHallSensor                     0x080043f3   Thumb Code    26  stm32f0xx_tim.o(.text)
    TIM_RemapConfig                          0x0800440d   Thumb Code     6  stm32f0xx_tim.o(.text)
    USART_DeInit                             0x0800441d   Thumb Code    56  stm32f0xx_usart.o(.text)
    USART_Init                               0x08004455   Thumb Code   230  stm32f0xx_usart.o(.text)
    USART_StructInit                         0x0800453b   Thumb Code    24  stm32f0xx_usart.o(.text)
    USART_ClockInit                          0x08004553   Thumb Code    36  stm32f0xx_usart.o(.text)
    USART_ClockStructInit                    0x08004577   Thumb Code    12  stm32f0xx_usart.o(.text)
    USART_Cmd                                0x08004583   Thumb Code    24  stm32f0xx_usart.o(.text)
    USART_DirectionModeCmd                   0x0800459b   Thumb Code    20  stm32f0xx_usart.o(.text)
    USART_OverSampling8Cmd                   0x080045af   Thumb Code    28  stm32f0xx_usart.o(.text)
    USART_OneBitMethodCmd                    0x080045cb   Thumb Code    28  stm32f0xx_usart.o(.text)
    USART_MSBFirstCmd                        0x080045e7   Thumb Code    28  stm32f0xx_usart.o(.text)
    USART_DataInvCmd                         0x08004603   Thumb Code    28  stm32f0xx_usart.o(.text)
    USART_InvPinCmd                          0x0800461f   Thumb Code    20  stm32f0xx_usart.o(.text)
    USART_SWAPPinCmd                         0x08004633   Thumb Code    28  stm32f0xx_usart.o(.text)
    USART_ReceiverTimeOutCmd                 0x0800464f   Thumb Code    28  stm32f0xx_usart.o(.text)
    USART_SetReceiverTimeOut                 0x0800466b   Thumb Code    16  stm32f0xx_usart.o(.text)
    USART_SetPrescaler                       0x0800467b   Thumb Code    18  stm32f0xx_usart.o(.text)
    USART_STOPModeCmd                        0x0800468d   Thumb Code    24  stm32f0xx_usart.o(.text)
    USART_StopModeWakeUpSourceConfig         0x080046a5   Thumb Code    18  stm32f0xx_usart.o(.text)
    USART_AutoBaudRateCmd                    0x080046b7   Thumb Code    28  stm32f0xx_usart.o(.text)
    USART_AutoBaudRateConfig                 0x080046d3   Thumb Code    18  stm32f0xx_usart.o(.text)
    USART_AutoBaudRateNewRequest             0x080046e5   Thumb Code    12  stm32f0xx_usart.o(.text)
    USART_SendData                           0x080046f1   Thumb Code     8  stm32f0xx_usart.o(.text)
    USART_ReceiveData                        0x080046f9   Thumb Code    10  stm32f0xx_usart.o(.text)
    USART_SetAddress                         0x08004703   Thumb Code    18  stm32f0xx_usart.o(.text)
    USART_MuteModeCmd                        0x08004715   Thumb Code    28  stm32f0xx_usart.o(.text)
    USART_MuteModeWakeUpConfig               0x08004731   Thumb Code    18  stm32f0xx_usart.o(.text)
    USART_AddressDetectionConfig             0x08004743   Thumb Code    16  stm32f0xx_usart.o(.text)
    USART_LINBreakDetectLengthConfig         0x08004753   Thumb Code    16  stm32f0xx_usart.o(.text)
    USART_LINCmd                             0x08004763   Thumb Code    28  stm32f0xx_usart.o(.text)
    USART_HalfDuplexCmd                      0x0800477f   Thumb Code    24  stm32f0xx_usart.o(.text)
    USART_SetGuardTime                       0x08004797   Thumb Code    16  stm32f0xx_usart.o(.text)
    USART_SmartCardCmd                       0x080047a7   Thumb Code    24  stm32f0xx_usart.o(.text)
    USART_SmartCardNACKCmd                   0x080047bf   Thumb Code    24  stm32f0xx_usart.o(.text)
    USART_SetAutoRetryCount                  0x080047d7   Thumb Code    20  stm32f0xx_usart.o(.text)
    USART_SetBlockLength                     0x080047eb   Thumb Code    30  stm32f0xx_usart.o(.text)
    USART_IrDAConfig                         0x08004809   Thumb Code    16  stm32f0xx_usart.o(.text)
    USART_IrDACmd                            0x08004819   Thumb Code    24  stm32f0xx_usart.o(.text)
    USART_DECmd                              0x08004831   Thumb Code    28  stm32f0xx_usart.o(.text)
    USART_DEPolarityConfig                   0x0800484d   Thumb Code    18  stm32f0xx_usart.o(.text)
    USART_SetDEAssertionTime                 0x0800485f   Thumb Code    20  stm32f0xx_usart.o(.text)
    USART_SetDEDeassertionTime               0x08004873   Thumb Code    20  stm32f0xx_usart.o(.text)
    USART_DMACmd                             0x08004887   Thumb Code    20  stm32f0xx_usart.o(.text)
    USART_DMAReceptionErrorConfig            0x0800489b   Thumb Code    18  stm32f0xx_usart.o(.text)
    USART_ITConfig                           0x080048ad   Thumb Code    66  stm32f0xx_usart.o(.text)
    USART_RequestCmd                         0x080048ef   Thumb Code    20  stm32f0xx_usart.o(.text)
    USART_OverrunDetectionConfig             0x08004903   Thumb Code    18  stm32f0xx_usart.o(.text)
    USART_GetFlagStatus                      0x08004915   Thumb Code    18  stm32f0xx_usart.o(.text)
    USART_ClearFlag                          0x08004927   Thumb Code     4  stm32f0xx_usart.o(.text)
    USART_GetITStatus                        0x0800492b   Thumb Code    78  stm32f0xx_usart.o(.text)
    USART_ClearITPendingBit                  0x08004979   Thumb Code    18  stm32f0xx_usart.o(.text)
    __use_no_semihosting                     0x0800498b   Thumb Code     2  use_no_semi_2.o(.text)
    __2printf                                0x0800498d   Thumb Code    22  noretval__2printf.o(.text)
    _printf_pre_padding                      0x080049a9   Thumb Code    44  _printf_pad.o(.text)
    _printf_post_padding                     0x080049d5   Thumb Code    34  _printf_pad.o(.text)
    _printf_str                              0x080049f7   Thumb Code    82  _printf_str.o(.text)
    _printf_int_dec                          0x08004a49   Thumb Code    90  _printf_dec.o(.text)
    _printf_int_hex                          0x08004ab5   Thumb Code    84  _printf_hex_int.o(.text)
    _printf_longlong_hex                     0x08004ab5   Thumb Code     0  _printf_hex_int.o(.text)
    __printf                                 0x08004b0d   Thumb Code   386  __printf_flags_ss_wp.o(.text)
    __aeabi_uidiv                            0x08004c95   Thumb Code     0  aeabi_sdiv.o(.text)
    __aeabi_uidivmod                         0x08004c95   Thumb Code    20  aeabi_sdiv.o(.text)
    __aeabi_idiv                             0x08004ca9   Thumb Code     0  aeabi_sdiv.o(.text)
    __aeabi_idivmod                          0x08004ca9   Thumb Code   326  aeabi_sdiv.o(.text)
    __use_two_region_memory                  0x08004def   Thumb Code     2  heapauxi.o(.text)
    __rt_heap_escrow$2region                 0x08004df1   Thumb Code     2  heapauxi.o(.text)
    __rt_heap_expand$2region                 0x08004df3   Thumb Code     2  heapauxi.o(.text)
    __I$use$semihosting                      0x08004df5   Thumb Code     0  use_no_semi.o(.text)
    __use_no_semihosting_swi                 0x08004df5   Thumb Code     2  use_no_semi.o(.text)
    _printf_int_common                       0x08004df7   Thumb Code   176  _printf_intcommon.o(.text)
    _printf_cs_common                        0x08004ea7   Thumb Code    22  _printf_char.o(.text)
    _printf_char                             0x08004ebd   Thumb Code    16  _printf_char.o(.text)
    _printf_string                           0x08004ecd   Thumb Code     8  _printf_char.o(.text)
    _printf_char_file                        0x08004ed5   Thumb Code    34  _printf_char_file.o(.text)
    __rt_udiv10                              0x08004efd   Thumb Code    40  rtudiv10.o(.text)
    _printf_char_common                      0x08004f2f   Thumb Code    32  _printf_char_common.o(.text)
    ferror                                   0x08004f55   Thumb Code     8  ferror.o(.text)
    __user_setup_stackheap                   0x08004f5d   Thumb Code    62  sys_stackheap_outer.o(.text)
    exit                                     0x08004f9b   Thumb Code    12  exit.o(.text)
    __user_libspace                          0x08004fa9   Thumb Code     8  libspace.o(.text)
    __user_perproc_libspace                  0x08004fa9   Thumb Code     0  libspace.o(.text)
    __user_perthread_libspace                0x08004fa9   Thumb Code     0  libspace.o(.text)
    __decompress                             0x08004fb1   Thumb Code     0  __dczerorl2.o(.text)
    __decompress1                            0x08004fb1   Thumb Code    86  __dczerorl2.o(.text)
    __ARM_common_switch8                     0x08005007   Thumb Code    28  usmart.o(i.__ARM_common_switch8)
    _is_digit                                0x08005023   Thumb Code    14  __printf_wp.o(i._is_digit)
    asc16                                    0x08005030   Data        1521  tft_spi.o(.constdata)
    sz32                                     0x08005621   Data        1921  tft_spi.o(.constdata)
    hz16                                     0x08005da2   Data        2940  tft_spi.o(.constdata)
    hz24                                     0x0800691e   Data        2625  tft_spi.o(.constdata)
    Region$$Table$$Base                      0x08007428   Number         0  anon$$obj.o(Region$$Table)
    Region$$Table$$Limit                     0x08007448   Number         0  anon$$obj.o(Region$$Table)
    SystemCoreClock                          0x20000000   Data           4  system_stm32f0xx.o(.data)
    AHBPrescTable                            0x20000004   Data          16  system_stm32f0xx.o(.data)
    touch_flag                               0x20000014   Data           1  stm32f0xx_it.o(.data)
    Num                                      0x20000015   Data          10  main.o(.data)
    USART_RX_STA                             0x20000024   Data           2  system.o(.data)
    __stdout                                 0x20000028   Data           4  system.o(.data)
    PrescalerValue                           0x2000002c   Data           2  timer.o(.data)
    sys_cmd_tab                              0x20000030   Data          24  usmart.o(.data)
    usmart_nametab                           0x20000048   Data          32  usmart_config.o(.data)
    usmart_dev                               0x20000068   Data         236  usmart_config.o(.data)
    USART_RX_BUF                             0x20000164   Data         200  system.o(.bss)
    TIM_TimeBaseStructure                    0x2000022c   Data          12  timer.o(.bss)
    __libspace_start                         0x20000238   Data          96  libspace.o(.bss)
    __temporary_stack_top$libspace           0x20000298   Data           0  libspace.o(.bss)



==============================================================================

Memory Map of the image

  Image Entry point : 0x080000c1

  Load Region LR_IROM1 (Base: 0x08000000, Size: 0x000075ac, Max: 0x00008000, ABSOLUTE, COMPRESSED[0x000074b0])

    Execution Region ER_IROM1 (Base: 0x08000000, Size: 0x00007448, Max: 0x00008000, ABSOLUTE)

    Base Addr    Size         Type   Attr      Idx    E Section Name        Object

    0x08000000   0x000000c0   Data   RO          113    RESET               startup_stm32f0xx.o
    0x080000c0   0x00000008   Code   RO          670  * !!!main             c_p.l(__main.o)
    0x080000c8   0x0000003c   Code   RO          853    !!!scatter          c_p.l(__scatter.o)
    0x08000104   0x0000001c   Code   RO          855    !!handler_zi        c_p.l(__scatter_zi.o)
    0x08000120   0x00000002   Code   RO          663    .ARM.Collect$$_printf_percent$$00000000  c_p.l(_printf_percent.o)
    0x08000122   0x0000000a   Code   RO          661    .ARM.Collect$$_printf_percent$$00000009  c_p.l(_printf_d.o)
    0x0800012c   0x0000000a   Code   RO          662    .ARM.Collect$$_printf_percent$$0000000A  c_p.l(_printf_u.o)
    0x08000136   0x0000000a   Code   RO          660    .ARM.Collect$$_printf_percent$$0000000C  c_p.l(_printf_x.o)
    0x08000140   0x0000000a   Code   RO          658    .ARM.Collect$$_printf_percent$$00000013  c_p.l(_printf_c.o)
    0x0800014a   0x0000000a   Code   RO          659    .ARM.Collect$$_printf_percent$$00000014  c_p.l(_printf_s.o)
    0x08000154   0x00000004   Code   RO          685    .ARM.Collect$$_printf_percent$$00000017  c_p.l(_printf_percent_end.o)
    0x08000158   0x00000002   Code   RO          727    .ARM.Collect$$libinit$$00000000  c_p.l(libinit.o)
    0x0800015a   0x00000004   Code   RO          740    .ARM.Collect$$libinit$$00000001  c_p.l(libinit2.o)
    0x0800015e   0x00000000   Code   RO          744    .ARM.Collect$$libinit$$00000008  c_p.l(libinit2.o)
    0x0800015e   0x00000000   Code   RO          746    .ARM.Collect$$libinit$$0000000A  c_p.l(libinit2.o)
    0x0800015e   0x00000000   Code   RO          748    .ARM.Collect$$libinit$$0000000C  c_p.l(libinit2.o)
    0x0800015e   0x00000000   Code   RO          751    .ARM.Collect$$libinit$$0000000F  c_p.l(libinit2.o)
    0x0800015e   0x00000000   Code   RO          753    .ARM.Collect$$libinit$$00000011  c_p.l(libinit2.o)
    0x0800015e   0x00000000   Code   RO          755    .ARM.Collect$$libinit$$00000013  c_p.l(libinit2.o)
    0x0800015e   0x00000000   Code   RO          757    .ARM.Collect$$libinit$$00000015  c_p.l(libinit2.o)
    0x0800015e   0x00000000   Code   RO          759    .ARM.Collect$$libinit$$00000017  c_p.l(libinit2.o)
    0x0800015e   0x00000000   Code   RO          761    .ARM.Collect$$libinit$$00000019  c_p.l(libinit2.o)
    0x0800015e   0x00000000   Code   RO          763    .ARM.Collect$$libinit$$0000001B  c_p.l(libinit2.o)
    0x0800015e   0x00000000   Code   RO          765    .ARM.Collect$$libinit$$0000001D  c_p.l(libinit2.o)
    0x0800015e   0x00000000   Code   RO          767    .ARM.Collect$$libinit$$0000001F  c_p.l(libinit2.o)
    0x0800015e   0x00000000   Code   RO          769    .ARM.Collect$$libinit$$00000021  c_p.l(libinit2.o)
    0x0800015e   0x00000000   Code   RO          771    .ARM.Collect$$libinit$$00000023  c_p.l(libinit2.o)
    0x0800015e   0x00000000   Code   RO          775    .ARM.Collect$$libinit$$0000002A  c_p.l(libinit2.o)
    0x0800015e   0x00000000   Code   RO          777    .ARM.Collect$$libinit$$0000002C  c_p.l(libinit2.o)
    0x0800015e   0x00000000   Code   RO          779    .ARM.Collect$$libinit$$0000002E  c_p.l(libinit2.o)
    0x0800015e   0x00000000   Code   RO          781    .ARM.Collect$$libinit$$00000030  c_p.l(libinit2.o)
    0x0800015e   0x00000002   Code   RO          782    .ARM.Collect$$libinit$$00000031  c_p.l(libinit2.o)
    0x08000160   0x00000002   Code   RO          808    .ARM.Collect$$libshutdown$$00000000  c_p.l(libshutdown.o)
    0x08000162   0x00000000   Code   RO          836    .ARM.Collect$$libshutdown$$00000003  c_p.l(libshutdown2.o)
    0x08000162   0x00000000   Code   RO          839    .ARM.Collect$$libshutdown$$00000006  c_p.l(libshutdown2.o)
    0x08000162   0x00000000   Code   RO          842    .ARM.Collect$$libshutdown$$00000009  c_p.l(libshutdown2.o)
    0x08000162   0x00000000   Code   RO          844    .ARM.Collect$$libshutdown$$0000000B  c_p.l(libshutdown2.o)
    0x08000162   0x00000000   Code   RO          847    .ARM.Collect$$libshutdown$$0000000E  c_p.l(libshutdown2.o)
    0x08000162   0x00000002   Code   RO          848    .ARM.Collect$$libshutdown$$0000000F  c_p.l(libshutdown2.o)
    0x08000164   0x00000000   Code   RO          674    .ARM.Collect$$rtentry$$00000000  c_p.l(rtentry.o)
    0x08000164   0x00000000   Code   RO          689    .ARM.Collect$$rtentry$$00000002  c_p.l(rtentry2.o)
    0x08000164   0x00000006   Code   RO          701    .ARM.Collect$$rtentry$$00000004  c_p.l(rtentry4.o)
    0x0800016a   0x00000000   Code   RO          691    .ARM.Collect$$rtentry$$00000009  c_p.l(rtentry2.o)
    0x0800016a   0x00000004   Code   RO          692    .ARM.Collect$$rtentry$$0000000A  c_p.l(rtentry2.o)
    0x0800016e   0x00000000   Code   RO          694    .ARM.Collect$$rtentry$$0000000C  c_p.l(rtentry2.o)
    0x0800016e   0x00000008   Code   RO          695    .ARM.Collect$$rtentry$$0000000D  c_p.l(rtentry2.o)
    0x08000176   0x00000002   Code   RO          732    .ARM.Collect$$rtexit$$00000000  c_p.l(rtexit.o)
    0x08000178   0x00000000   Code   RO          784    .ARM.Collect$$rtexit$$00000002  c_p.l(rtexit2.o)
    0x08000178   0x00000004   Code   RO          785    .ARM.Collect$$rtexit$$00000003  c_p.l(rtexit2.o)
    0x0800017c   0x00000006   Code   RO          786    .ARM.Collect$$rtexit$$00000004  c_p.l(rtexit2.o)
    0x08000182   0x00000002   PAD
    0x08000184   0x000001a8   Code   RO            3    .text               system_stm32f0xx.o
    0x0800032c   0x00000038   Code   RO          114    .text               startup_stm32f0xx.o
    0x08000364   0x00000030   Code   RO          120    .text               stm32f0xx_it.o
    0x08000394   0x000005f8   Code   RO          150    .text               main.o
    0x0800098c   0x00000320   Code   RO          194    .text               system.o
    0x08000cac   0x00000038   Code   RO          225    .text               led.o
    0x08000ce4   0x0000009c   Code   RO          245    .text               timer.o
    0x08000d80   0x00000d80   Code   RO          280    .text               tft_spi.o
    0x08001b00   0x00000acc   Code   RO          306    .text               usmart.o
    0x080025cc   0x00000548   Code   RO          356    .text               usmart_str.o
    0x08002b14   0x00000104   Code   RO          376    .text               STM32F051R8_FWLib.lib(stm32f0xx_exti.o)
    0x08002c18   0x000001e0   Code   RO          481    .text               STM32F051R8_FWLib.lib(stm32f0xx_gpio.o)
    0x08002df8   0x000000b4   Code   RO          501    .text               STM32F051R8_FWLib.lib(stm32f0xx_misc.o)
    0x08002eac   0x000005ec   Code   RO          521    .text               STM32F051R8_FWLib.lib(stm32f0xx_rcc.o)
    0x08003498   0x000003b8   Code   RO          543    .text               STM32F051R8_FWLib.lib(stm32f0xx_spi.o)
    0x08003850   0x00000bcc   Code   RO          563    .text               STM32F051R8_FWLib.lib(stm32f0xx_tim.o)
    0x0800441c   0x0000056e   Code   RO          583    .text               STM32F051R8_FWLib.lib(stm32f0xx_usart.o)
    0x0800498a   0x00000002   Code   RO          603    .text               c_p.l(use_no_semi_2.o)
    0x0800498c   0x0000001c   Code   RO          607    .text               c_p.l(noretval__2printf.o)
    0x080049a8   0x0000004e   Code   RO          611    .text               c_p.l(_printf_pad.o)
    0x080049f6   0x00000052   Code   RO          613    .text               c_p.l(_printf_str.o)
    0x08004a48   0x0000006c   Code   RO          615    .text               c_p.l(_printf_dec.o)
    0x08004ab4   0x00000058   Code   RO          620    .text               c_p.l(_printf_hex_int.o)
    0x08004b0c   0x00000188   Code   RO          655    .text               c_p.l(__printf_flags_ss_wp.o)
    0x08004c94   0x0000015a   Code   RO          664    .text               c_p.l(aeabi_sdiv.o)
    0x08004dee   0x00000006   Code   RO          668    .text               c_p.l(heapauxi.o)
    0x08004df4   0x00000002   Code   RO          672    .text               c_p.l(use_no_semi.o)
    0x08004df6   0x000000b0   Code   RO          679    .text               c_p.l(_printf_intcommon.o)
    0x08004ea6   0x0000002e   Code   RO          681    .text               c_p.l(_printf_char.o)
    0x08004ed4   0x00000028   Code   RO          683    .text               c_p.l(_printf_char_file.o)
    0x08004efc   0x00000028   Code   RO          686    .text               c_p.l(rtudiv10.o)
    0x08004f24   0x00000030   Code   RO          705    .text               c_p.l(_printf_char_common.o)
    0x08004f54   0x00000008   Code   RO          707    .text               c_p.l(ferror.o)
    0x08004f5c   0x0000003e   Code   RO          711    .text               c_p.l(sys_stackheap_outer.o)
    0x08004f9a   0x0000000c   Code   RO          716    .text               c_p.l(exit.o)
    0x08004fa6   0x00000002   PAD
    0x08004fa8   0x00000008   Code   RO          728    .text               c_p.l(libspace.o)
    0x08004fb0   0x00000056   Code   RO          851    .text               c_p.l(__dczerorl2.o)
    0x08005006   0x0000001c   Code   RO          325    i.__ARM_common_switch8  usmart.o
    0x08005022   0x0000000e   Code   RO          648    i._is_digit         c_p.l(__printf_wp.o)
    0x08005030   0x0000232f   Data   RO          281    .constdata          tft_spi.o
    0x0800735f   0x00000028   Data   RO          621    .constdata          c_p.l(_printf_hex_int.o)
    0x08007387   0x00000011   Data   RO          656    .constdata          c_p.l(__printf_flags_ss_wp.o)
    0x08007398   0x00000020   Data   RO          307    .conststring        usmart.o
    0x080073b8   0x0000006f   Data   RO          335    .conststring        usmart_config.o
    0x08007427   0x00000001   PAD
    0x08007428   0x00000020   Data   RO          849    Region$$Table       anon$$obj.o


    Execution Region RW_IRAM1 (Base: 0x20000000, Size: 0x00000898, Max: 0x00001000, ABSOLUTE, COMPRESSED[0x00000068])

    Base Addr    Size         Type   Attr      Idx    E Section Name        Object

    0x20000000   0x00000014   Data   RW            4    .data               system_stm32f0xx.o
    0x20000014   0x00000001   Data   RW          121    .data               stm32f0xx_it.o
    0x20000015   0x0000000a   Data   RW          151    .data               main.o
    0x2000001f   0x00000001   PAD
    0x20000020   0x0000000c   Data   RW          196    .data               system.o
    0x2000002c   0x00000002   Data   RW          247    .data               timer.o
    0x2000002e   0x00000002   PAD
    0x20000030   0x00000018   Data   RW          308    .data               usmart.o
    0x20000048   0x0000010c   Data   RW          336    .data               usmart_config.o
    0x20000154   0x00000010   Data   RW          522    .data               STM32F051R8_FWLib.lib(stm32f0xx_rcc.o)
    0x20000164   0x000000c8   Zero   RW          195    .bss                system.o
    0x2000022c   0x0000000c   Zero   RW          246    .bss                timer.o
    0x20000238   0x00000060   Zero   RW          729    .bss                c_p.l(libspace.o)
    0x20000298   0x00000200   Zero   RW          112    HEAP                startup_stm32f0xx.o
    0x20000498   0x00000400   Zero   RW          111    STACK               startup_stm32f0xx.o


==============================================================================

Image component sizes


      Code (inc. data)   RO Data    RW Data    ZI Data      Debug   Object Name

        56          6          0          0          0        691   led.o
      1528        436          0         10          0       2591   main.o
        56         26        192          0       1536        736   startup_stm32f0xx.o
        48          6          0          1          0       1751   stm32f0xx_it.o
       800         42          0         12        200       4771   system.o
       424         34          0         20          0     134591   system_stm32f0xx.o
      3456         62       9007          0          0       9880   tft_spi.o
       156         22          0          2         12       1453   timer.o
      2792       1162         32         24          0       4334   usmart.o
         0          0        111        268          0       2164   usmart_config.o
      1352         12          0          0          0       5501   usmart_str.o

    ----------------------------------------------------------------------
     10668       1808       9375        340       1748     168463   Object Totals
         0          0         32          0          0          0   (incl. Generated)
         0          0          1          3          0          0   (incl. Padding)

    ----------------------------------------------------------------------

      Code (inc. data)   RO Data    RW Data    ZI Data      Debug   Library Member Name

       260         14          0          0          0     144059   stm32f0xx_exti.o
       480         22          0          0          0       3513   stm32f0xx_gpio.o
       180         14          0          0          0       1212   stm32f0xx_misc.o
      1516         44          0         16          0       8274   stm32f0xx_rcc.o
       952         42          0          0          0       7455   stm32f0xx_spi.o
      3020        120          0          0          0      22129   stm32f0xx_tim.o
      1390         12          0          0          0      11887   stm32f0xx_usart.o
        86          0          0          0          0          0   __dczerorl2.o
         8          0          0          0          0         68   __main.o
       392          6         17          0          0         76   __printf_flags_ss_wp.o
        14          0          0          0          0         60   __printf_wp.o
        60          8          0          0          0          0   __scatter.o
        28          0          0          0          0          0   __scatter_zi.o
        10          0          0          0          0          0   _printf_c.o
        46          0          0          0          0        100   _printf_char.o
        48          6          0          0          0         88   _printf_char_common.o
        40          6          0          0          0         72   _printf_char_file.o
        10          0          0          0          0          0   _printf_d.o
       108         18          0          0          0         76   _printf_dec.o
        88          4         40          0          0         72   _printf_hex_int.o
       176          0          0          0          0         84   _printf_intcommon.o
        78          0          0          0          0        100   _printf_pad.o
         2          0          0          0          0          0   _printf_percent.o
         4          0          0          0          0          0   _printf_percent_end.o
        10          0          0          0          0          0   _printf_s.o
        82          0          0          0          0         72   _printf_str.o
        10          0          0          0          0          0   _printf_u.o
        10          0          0          0          0          0   _printf_x.o
       346          0          0          0          0         92   aeabi_sdiv.o
        12          0          0          0          0         64   exit.o
         8          0          0          0          0         60   ferror.o
         6          0          0          0          0        136   heapauxi.o
         2          0          0          0          0          0   libinit.o
         6          0          0          0          0          0   libinit2.o
         2          0          0          0          0          0   libshutdown.o
         2          0          0          0          0          0   libshutdown2.o
         8          4          0          0         96         68   libspace.o
        28          6          0          0          0         84   noretval__2printf.o
         0          0          0          0          0          0   rtentry.o
        12          0          0          0          0          0   rtentry2.o
         6          0          0          0          0          0   rtentry4.o
         2          0          0          0          0          0   rtexit.o
        10          0          0          0          0          0   rtexit2.o
        40          0          0          0          0         60   rtudiv10.o
        62          0          0          0          0         80   sys_stackheap_outer.o
         2          0          0          0          0         68   use_no_semi.o
         2          0          0          0          0         68   use_no_semi_2.o

    ----------------------------------------------------------------------
      9668        326         57         16         96     200177   Library Totals
         4          0          0          0          0          0   (incl. Padding)

    ----------------------------------------------------------------------

      Code (inc. data)   RO Data    RW Data    ZI Data      Debug   Library Name

      7798        268          0         16          0     198529   STM32F051R8_FWLib.lib
      1866         58         57          0         96       1648   c_p.l

    ----------------------------------------------------------------------
      9668        326         57         16         96     200177   Library Totals

    ----------------------------------------------------------------------

==============================================================================


      Code (inc. data)   RO Data    RW Data    ZI Data      Debug   

     20336       2134       9432        356       1844     366512   Grand Totals
     20336       2134       9432        104       1844     366512   ELF Image Totals (compressed)
     20336       2134       9432        104          0          0   ROM Totals

==============================================================================

    Total RO  Size (Code + RO Data)                29768 (  29.07kB)
    Total RW  Size (RW Data + ZI Data)              2200 (   2.15kB)
    Total ROM Size (Code + RO Data + RW Data)      29872 (  29.17kB)

==============================================================================

